#INFO: **** input file is /home/wang.21295/chem/prism/examples/nevpt/01-nevpt2-basic.py ****
#!/usr/bin/env python3
# 01-nevpt2-basic.py
# Modified by Ziqiu Wang: <sgwzq0810@gmail.com>

'''
Basic NEVPT2 calculation for H2O
'''

import numpy as np
import math
import pyscf.gto , pyscf.scf , pyscf.mcscf
import prism.interface , prism.mr_adc , prism.nevpt

r = 0.96
x = r * math.sin(104.5 * math.pi/(2 * 180.0))
y = r * math.cos(104.5 * math.pi/(2 * 180.0))

mol = pyscf.gto.Mole()
mol.atom = [
            ['O', (0.0, 0.0, 0.0)],
            ['H', (0.0,  -x,   y)],
            ['H', (0.0,   x,   y)]]
mol.basis = 'aug-cc-pvtz'
mol.symmetry = 'C2v'
# Alternatively, we can simply set it to True
# then, PySCF will decide the approximate point group for us

# mol.symmetry = True

# But it sometimes fails. For example a "Dooh" O2 molecule will fail to 
# proceed with CASSCF as it will raise errors.
# In this case, we need to specify "D2h" manually.
mol.verbose = 4
mol.build()

# RHF calculation
mf = pyscf.scf.RHF(mol)
mf.conv_tol = 1e-12
mf.kernel()

# CASSCF calculation
mc = pyscf.mcscf.CASSCF(mf, 6, 6)
mc.conv_tol = 1e-11
mc.conv_tol_grad = 1e-6

emc = mc.mc1step()[0]
mc.analyze()
print("CASSCF energy: %f\n" % emc)



# Import PySCF molecule to prism
mp = prism.interface.PYSCF(mf, mc, backend = 'opt_einsum')

# NEVPT2 with all electrons correlated
mn = prism.nevpt.NEVPT(mp)
mn.kernel()

# NEVPT2 with frozen core
mn_fc = mn
mn_fc.nfrozen = 1
mn_fc.kernel()
#INFO: ******************** input file end ********************


System: uname_result(system='Linux', node='asccbc-nc271708.asc.ohio-state.edu', release='4.18.0-553.129.1.el8_10.x86_64', version='#1 SMP Tue Jun 2 12:11:39 EDT 2026', machine='x86_64')  Threads 40
Python 3.14.2 | packaged by Anaconda, Inc. | (main, Dec 19 2025, 11:49:32) [GCC 14.3.0]
numpy 2.4.2  scipy 1.16.3  h5py 3.15.1
Date: Thu Aug 20 14:21:59 2026
PySCF version 2.12.1
PySCF path  /home/wang.21295/.conda/envs/prism/lib/python3.14/site-packages/pyscf

[CONFIG] conf_file None
[INPUT] verbose = 4
[INPUT] num. atoms = 3
[INPUT] num. electrons = 10
[INPUT] charge = 0
[INPUT] spin (= nelec alpha-beta = 2S) = 0
[INPUT] symmetry C2v subgroup None
[INPUT] Mole.unit = angstrom
[INPUT] Symbol           X                Y                Z      unit          X                Y                Z       unit  Magmom
[INPUT]  1 O      0.000000000000   0.000000000000   0.000000000000 AA    0.000000000000   0.000000000000   0.000000000000 Bohr   0.0
[INPUT]  2 H      0.000000000000  -0.759061990794   0.587728588833 AA    0.000000000000  -1.434419274168   1.110646068472 Bohr   0.0
[INPUT]  3 H      0.000000000000   0.759061990794   0.587728588833 AA    0.000000000000   1.434419274168   1.110646068472 Bohr   0.0

nuclear repulsion = 9.16819330075569
point group symmetry = C2v
symmetry origin: [0.         0.         0.22212921]
symmetry axis x: [-1. -0. -0.]
symmetry axis y: [0. 1. 0.]
symmetry axis z: [0. 0. 1.]
num. orbitals of irrep A1 = 35
num. orbitals of irrep A2 = 12
num. orbitals of irrep B1 = 18
num. orbitals of irrep B2 = 27
number of shells = 31
number of NR pGTOs = 108
number of NR cGTOs = 92
basis = aug-cc-pvtz
ecp = {}
CPU time:         0.76


******** <class 'pyscf.scf.hf_symm.SymAdaptedRHF'> ********
method = SymAdaptedRHF
initial guess = minao
damping factor = 0
level_shift factor = 0
DIIS = <class 'pyscf.scf.diis.CDIIS'>
diis_start_cycle = 1
diis_space = 8
diis_damp = 0
SCF conv_tol = 1e-12
SCF conv_tol_grad = None
SCF max_cycles = 50
direct_scf = True
direct_scf_tol = 1e-13
chkfile to save SCF result = /tmp/tmp25vv5f6x
max_memory 4000 MB (current use 126 MB)
Freeze 0 electrons in irreps []
    10 free electrons in irreps A1 A2 B1 B2
Set gradient conv threshold to 1e-06
Initial guess from minao.
init E= -75.8776366816298
HOMO (B1) = -0.47823934624977  LUMO (A1) = 0.0147245912694213
cycle= 1 E= -76.024483388273  delta_E= -0.147  |g|= 0.436  |ddm|= 0.791
HOMO (B1) = -0.43555673687523  LUMO (A1) = 0.0277557242144155
cycle= 2 E= -76.0498642414591  delta_E= -0.0254  |g|= 0.261  |ddm|= 0.307
HOMO (B1) = -0.516501368249213  LUMO (A1) = 0.0284684679901738
cycle= 3 E= -76.0602484735951  delta_E= -0.0104  |g|= 0.0258  |ddm|= 0.108
HOMO (B1) = -0.50918973005081  LUMO (A1) = 0.0293874229699114
cycle= 4 E= -76.06040045774  delta_E= -0.000152  |g|= 0.00574  |ddm|= 0.0139
HOMO (B1) = -0.509936411713707  LUMO (A1) = 0.0294110674418048
cycle= 5 E= -76.0604147539394  delta_E= -1.43e-05  |g|= 0.00121  |ddm|= 0.00511
HOMO (B1) = -0.510059917991092  LUMO (A1) = 0.0294084169863676
cycle= 6 E= -76.0604156793948  delta_E= -9.25e-07  |g|= 0.000228  |ddm|= 0.00145
HOMO (B1) = -0.510133752478513  LUMO (A1) = 0.0294081221248011
cycle= 7 E= -76.0604157170533  delta_E= -3.77e-08  |g|= 3.52e-05  |ddm|= 0.000353
HOMO (B1) = -0.510138584455226  LUMO (A1) = 0.0294084234852417
cycle= 8 E= -76.0604157178066  delta_E= -7.53e-10  |g|= 4.14e-06  |ddm|= 4.8e-05
HOMO (B1) = -0.510138337374098  LUMO (A1) = 0.0294085391370927
cycle= 9 E= -76.0604157178155  delta_E= -8.88e-12  |g|= 6.98e-07  |ddm|= 7.4e-06
HOMO (B1) = -0.510138535068947  LUMO (A1) = 0.0294085489590537
cycle= 10 E= -76.0604157178156  delta_E= -9.95e-14  |g|= 1.88e-07  |ddm|= 8.96e-07
HOMO (B1) = -0.510138551700222  LUMO (A1) = 0.0294085489666286
Extra cycle  E= -76.0604157178159  delta_E= -3.13e-13  |g|= 8.79e-08  |ddm|= 2.07e-07
converged SCF energy = -76.0604157178159

******** <class 'pyscf.mcscf.mc1step_symm.SymAdaptedCASSCF'> ********
CAS (3e+3e, 6o), ncore = 2, nvir = 84
max_cycle_macro = 50
max_cycle_micro = 4
conv_tol = 1e-11
conv_tol_grad = 1e-06
orbital rotation max_stepsize = 0.02
orbital rotation threshold for CI restart = 0.01
augmented hessian ah_max_cycle = 30
augmented hessian ah_conv_tol = 1e-12
augmented hessian ah_linear dependence = 1e-14
augmented hessian ah_level shift = 1e-08
augmented hessian ah_start_tol = 2.5
augmented hessian ah_start_cycle = 3
augmented hessian ah_grad_trust_region = 3
kf_trust_region = 3
kf_interval = 4
ci_response_space = 4
ci_grad_trust_region = 3
with_dep4 0
natorb = False
canonicalization = True
sorting_mo_energy = False
ao2mo_level = 2
chkfile = /tmp/tmp25vv5f6x
max_memory 4000 MB (current use 235 MB)
internal_rotation = False
******** <class 'pyscf.fci.direct_spin1_symm.FCISolver'> ********
max. cycles = 50
conv_tol = 1e-08
davidson only = False
linear dependence = 1e-12
level shift = 0.001
max iter space = 12
max_memory 4000 MB
nroots = 1
pspace_size = 400
spin = None
CI wfn symmetry = None
Symmetries of active orbitals: B2 A1 B1 A1 B2 A1
Active space CI wfn symmetry = A1
CASCI E = -76.0606431187636  S^2 = 0.0000000
macro iter   1 ( 21 JK    4 micro), CASSCF E = -76.0688353716923  dE = -8.19225293e-03  S^2 = 0.0000000
               |grad[o]|=0.0016  |grad[c]|=0.029  |ddm|=0.0101  |maxRot[o]|=0.283
macro iter   2 ( 21 JK    4 micro), CASSCF E = -76.0924844027506  dE = -2.36490311e-02  S^2 = 0.0000000
               |grad[o]|=0.0299  |grad[c]|=0.0382  |ddm|=0.0154  |maxRot[o]|=0.301
macro iter   3 ( 21 JK    4 micro), CASSCF E = -76.1084839644645  dE = -1.59995617e-02  S^2 = 0.0000000
               |grad[o]|=0.0348  |grad[c]|=0.0282  |ddm|=0.0178  |maxRot[o]|=0.293
macro iter   4 ( 21 JK    4 micro), CASSCF E = -76.1121427846777  dE = -3.65882021e-03  S^2 = 0.0000000
               |grad[o]|=0.0161  |grad[c]|=0.0119  |ddm|=0.006  |maxRot[o]|=0.159
macro iter   5 ( 21 JK    4 micro), CASSCF E = -76.1169471964664  dE = -4.80441179e-03  S^2 = 0.0000000
               |grad[o]|=0.0118  |grad[c]|=0.0153  |ddm|=0.00454  |maxRot[o]|=0.302
macro iter   6 ( 21 JK    4 micro), CASSCF E = -76.1198571419075  dE = -2.90994544e-03  S^2 = 0.0000000
               |grad[o]|=0.00876  |grad[c]|=0.00755  |ddm|=0.00251  |maxRot[o]|=0.303
macro iter   7 ( 16 JK    4 micro), CASSCF E = -76.1199432297088  dE = -8.60878012e-05  S^2 = 0.0000000
               |grad[o]|=0.0025  |grad[c]|=0.00169  |ddm|=0.00176  |maxRot[o]|=0.0277
macro iter   8 ( 15 JK    4 micro), CASSCF E = -76.1199490437371  dE = -5.81402830e-06  S^2 = 0.0000000
               |grad[o]|=0.000813  |grad[c]|=0.000386  |ddm|=0.00069  |maxRot[o]|=0.0126
macro iter   9 ( 14 JK    4 micro), CASSCF E = -76.1199493377454  dE = -2.94008331e-07  S^2 = 0.0000000
               |grad[o]|=0.00017  |grad[c]|=0.00011  |ddm|=0.000189  |maxRot[o]|=0.00316
macro iter  10 ( 12 JK    4 micro), CASSCF E = -76.1199493423742  dE = -4.62877381e-09  S^2 = 0.0000000
               |grad[o]|=3.06e-05  |grad[c]|=1.82e-05  |ddm|=2.93e-05  |maxRot[o]|=0.000301
macro iter  11 ( 14 JK    4 micro), CASSCF E = -76.1199493424659  dE = -9.16884346e-11  S^2 = 0.0000000
               |grad[o]|=2.61e-06  |grad[c]|=2.8e-06  |ddm|=2.79e-06  |maxRot[o]|=5.35e-05
macro iter  12 ( 16 JK    1 micro), CASSCF E = -76.1199493424655  dE =  3.83693077e-13  S^2 = 0.0000000
               |grad[o]|=2.52e-07  |grad[c]|=4.1e-07  |ddm|=    0  |maxRot[o]|=7.19e-09
1-step CASSCF converged in  12 macro (213 JK  45 micro) steps
CASSCF canonicalization
Density matrix diagonal elements [1.97441865 1.9763591  1.99915388 0.01038336 0.02279844 0.01688656]
CASSCF energy = -76.1199493424655
CASCI E = -76.1199493424655  E(CI) = -13.3979999910263  S^2 = 0.0000000
Natural occ [1.97448774 1.97658445 1.99915388 0.02283414 0.02272935 0.00421043]
Natural orbital (expansion on meta-Lowdin AOs) in CAS space
               #1        #2        #3        #4        #5       
0 O 1s          -0.00000  -0.00192   0.00000   0.00113  -0.00000
0 O 2s          -0.00000   0.12957  -0.00000  -0.36792   0.00000
0 O 3s          -0.00000   0.04157  -0.00000   0.13335   0.00000
0 O 4s           0.00000  -0.02118   0.00000  -0.09690  -0.00000
0 O 5s          -0.00000  -0.00869   0.00000  -0.03570  -0.00000
0 O 2px          0.00000  -0.00000   0.99608  -0.00000   0.00000
0 O 2py          0.81682  -0.00000   0.00000  -0.00000   0.55107
0 O 2pz         -0.00000   0.85773  -0.00000  -0.38454   0.00000
0 O 3px         -0.00000   0.00000  -0.04118   0.00000  -0.00000
0 O 3py         -0.05898  -0.00000   0.00000  -0.00000  -0.07989
0 O 3pz          0.00000   0.00651   0.00000   0.24879  -0.00000
0 O 4px          0.00000  -0.00000   0.02026   0.00000   0.00000
0 O 4py          0.02087  -0.00000   0.00000   0.00000  -0.10685
0 O 4pz          0.00000   0.02581   0.00000   0.14165  -0.00000
0 O 5px         -0.00000   0.00000  -0.01080   0.00000  -0.00000
0 O 5py          0.00326   0.00000  -0.00000   0.00000  -0.02148
0 O 5pz         -0.00000  -0.00550  -0.00000  -0.00066   0.00000
0 O 3dxy        -0.00000  -0.00000   0.00000  -0.00000  -0.00000
0 O 3dyz         0.05578  -0.00000   0.00000  -0.00000   0.04459
0 O 3dz^2       -0.00000   0.03807  -0.00000   0.01188   0.00000
0 O 3dxz         0.00000  -0.00000   0.03514  -0.00000   0.00000
0 O 3dx2-y2      0.00000  -0.02985  -0.00000  -0.01235  -0.00000
0 O 4dxy         0.00000   0.00000   0.00000  -0.00000  -0.00000
0 O 4dyz         0.00456  -0.00000   0.00000  -0.00000   0.05358
0 O 4dz^2        0.00000   0.01657  -0.00000   0.03215  -0.00000
0 O 4dxz         0.00000  -0.00000   0.01405  -0.00000   0.00000
0 O 4dx2-y2     -0.00000  -0.00647  -0.00000   0.02062  -0.00000
0 O 5dxy        -0.00000   0.00000   0.00000  -0.00000  -0.00000
0 O 5dyz        -0.01095  -0.00000   0.00000  -0.00000   0.05325
0 O 5dz^2        0.00000   0.00458   0.00000  -0.00424  -0.00000
0 O 5dxz         0.00000  -0.00000   0.00324  -0.00000   0.00000
0 O 5dx2-y2      0.00000   0.00737  -0.00000   0.02856  -0.00000
0 O 4f-3        -0.01281   0.00000  -0.00000   0.00000  -0.02816
0 O 4f-2         0.00000  -0.00000  -0.00000  -0.00000   0.00000
0 O 4f-1         0.00247  -0.00000  -0.00000  -0.00000  -0.00022
0 O 4f+0         0.00000  -0.00581  -0.00000   0.01115  -0.00000
0 O 4f+1         0.00000  -0.00000   0.00452  -0.00000   0.00000
0 O 4f+2        -0.00000  -0.02551  -0.00000   0.00050   0.00000
0 O 4f+3        -0.00000   0.00000  -0.01387   0.00000  -0.00000
0 O 5f-3        -0.00360   0.00000   0.00000  -0.00000  -0.01094
0 O 5f-2         0.00000  -0.00000  -0.00000  -0.00000   0.00000
0 O 5f-1        -0.00123   0.00000  -0.00000   0.00000  -0.00144
0 O 5f+0         0.00000  -0.00252  -0.00000   0.01226  -0.00000
0 O 5f+1         0.00000  -0.00000   0.00133  -0.00000   0.00000
0 O 5f+2        -0.00000  -0.01028  -0.00000  -0.00660   0.00000
0 O 5f+3        -0.00000   0.00000  -0.00683   0.00000  -0.00000
1 H 1s          -0.39849   0.34103  -0.00000   0.50488   0.57143
1 H 2s           0.02901  -0.05154  -0.00000  -0.13046  -0.00538
1 H 3s           0.03637  -0.02511  -0.00000   0.01258   0.00863
1 H 4s           0.00489  -0.00355   0.00000   0.04783   0.02641
1 H 2px         -0.00000   0.00000   0.04211   0.00000  -0.00000
1 H 2py         -0.02662   0.01357  -0.00000   0.08200   0.02196
1 H 2pz          0.00422   0.01562  -0.00000   0.08610  -0.05425
1 H 3px         -0.00000   0.00000   0.00613   0.00000  -0.00000
1 H 3py         -0.01964  -0.01070  -0.00000  -0.00605   0.00448
1 H 3pz         -0.01355   0.00265  -0.00000   0.07347  -0.02190
1 H 4px          0.00000  -0.00000   0.00145  -0.00000   0.00000
1 H 4py         -0.01860  -0.00463   0.00000  -0.05097  -0.00044
1 H 4pz          0.00663  -0.00045   0.00000   0.03437   0.01690
1 H 3dxy        -0.00000   0.00000   0.00805   0.00000  -0.00000
1 H 3dyz         0.00457  -0.00032  -0.00000   0.03826   0.03800
1 H 3dz^2        0.00371   0.00299   0.00000  -0.01190   0.01223
1 H 3dxz         0.00000  -0.00000   0.00192  -0.00000   0.00000
1 H 3dx2-y2      0.00132  -0.01292  -0.00000   0.00081   0.03111
1 H 4dxy        -0.00000   0.00000   0.00776   0.00000   0.00000
1 H 4dyz         0.00046   0.00033   0.00000   0.01136   0.01236
1 H 4dz^2        0.00478   0.00426   0.00000  -0.03771   0.01989
1 H 4dxz         0.00000  -0.00000   0.00256  -0.00000   0.00000
1 H 4dx2-y2      0.00015  -0.01133   0.00000  -0.02920   0.00828
2 H 1s           0.39849   0.34103  -0.00000   0.50488  -0.57143
2 H 2s          -0.02901  -0.05154   0.00000  -0.13046   0.00538
2 H 3s          -0.03637  -0.02511  -0.00000   0.01258  -0.00863
2 H 4s          -0.00489  -0.00355  -0.00000   0.04783  -0.02641
2 H 2px         -0.00000   0.00000   0.04211   0.00000  -0.00000
2 H 2py         -0.02662  -0.01357  -0.00000  -0.08200   0.02196
2 H 2pz         -0.00422   0.01562   0.00000   0.08610   0.05425
2 H 3px         -0.00000   0.00000   0.00613   0.00000  -0.00000
2 H 3py         -0.01964   0.01070  -0.00000   0.00605   0.00448
2 H 3pz          0.01355   0.00265   0.00000   0.07347   0.02190
2 H 4px          0.00000  -0.00000   0.00145  -0.00000   0.00000
2 H 4py         -0.01860   0.00463  -0.00000   0.05097  -0.00044
2 H 4pz         -0.00663  -0.00045  -0.00000   0.03437  -0.01690
2 H 3dxy         0.00000  -0.00000  -0.00805  -0.00000   0.00000
2 H 3dyz         0.00457   0.00032  -0.00000  -0.03826   0.03800
2 H 3dz^2       -0.00371   0.00299  -0.00000  -0.01190  -0.01223
2 H 3dxz         0.00000  -0.00000   0.00192  -0.00000   0.00000
2 H 3dx2-y2     -0.00132  -0.01292  -0.00000   0.00081  -0.03111
2 H 4dxy         0.00000  -0.00000  -0.00776  -0.00000   0.00000
2 H 4dyz         0.00046  -0.00033   0.00000  -0.01136   0.01236
2 H 4dz^2       -0.00478   0.00426  -0.00000  -0.03771  -0.01989
2 H 4dxz         0.00000  -0.00000   0.00256  -0.00000   0.00000
2 H 4dx2-y2     -0.00015  -0.01133  -0.00000  -0.02920  -0.00828
               #6       
0 O 1s           0.00016
0 O 2s           0.12203
0 O 3s          -0.00080
0 O 4s           0.05155
0 O 5s           0.03541
0 O 2px          0.00000
0 O 2py          0.00000
0 O 2pz          0.06740
0 O 3px         -0.00000
0 O 3py         -0.00000
0 O 3pz          0.31604
0 O 4px          0.00000
0 O 4py          0.00000
0 O 4pz          0.13215
0 O 5px          0.00000
0 O 5py          0.00000
0 O 5pz          0.01293
0 O 3dxy         0.00000
0 O 3dyz         0.00000
0 O 3dz^2        0.37116
0 O 3dxz         0.00000
0 O 3dx2-y2      0.42894
0 O 4dxy         0.00000
0 O 4dyz         0.00000
0 O 4dz^2        0.09928
0 O 4dxz         0.00000
0 O 4dx2-y2      0.08551
0 O 5dxy        -0.00000
0 O 5dyz        -0.00000
0 O 5dz^2       -0.01445
0 O 5dxz         0.00000
0 O 5dx2-y2     -0.04042
0 O 4f-3        -0.00000
0 O 4f-2         0.00000
0 O 4f-1        -0.00000
0 O 4f+0         0.11075
0 O 4f+1         0.00000
0 O 4f+2         0.11167
0 O 4f+3        -0.00000
0 O 5f-3         0.00000
0 O 5f-2        -0.00000
0 O 5f-1        -0.00000
0 O 5f+0         0.05795
0 O 5f+1         0.00000
0 O 5f+2         0.04527
0 O 5f+3        -0.00000
1 H 1s          -0.10286
1 H 2s           0.13789
1 H 3s           0.15181
1 H 4s           0.05620
1 H 2px         -0.00000
1 H 2py          0.21395
1 H 2pz          0.33113
1 H 3px         -0.00000
1 H 3py         -0.01995
1 H 3pz         -0.01469
1 H 4px         -0.00000
1 H 4py         -0.08700
1 H 4pz          0.02137
1 H 3dxy        -0.00000
1 H 3dyz         0.09439
1 H 3dz^2       -0.10741
1 H 3dxz        -0.00000
1 H 3dx2-y2     -0.03295
1 H 4dxy        -0.00000
1 H 4dyz         0.01276
1 H 4dz^2        0.03299
1 H 4dxz         0.00000
1 H 4dx2-y2      0.03843
2 H 1s          -0.10286
2 H 2s           0.13789
2 H 3s           0.15181
2 H 4s           0.05620
2 H 2px         -0.00000
2 H 2py         -0.21395
2 H 2pz          0.33113
2 H 3px          0.00000
2 H 3py          0.01995
2 H 3pz         -0.01469
2 H 4px          0.00000
2 H 4py          0.08700
2 H 4pz          0.02137
2 H 3dxy         0.00000
2 H 3dyz        -0.09439
2 H 3dz^2       -0.10741
2 H 3dxz         0.00000
2 H 3dx2-y2     -0.03295
2 H 4dxy        -0.00000
2 H 4dyz        -0.01276
2 H 4dz^2        0.03299
2 H 4dxz        -0.00000
2 H 4dx2-y2      0.03843
<mo_coeff-mcscf|mo_coeff-hf>  1      1        0.99999943
<mo_coeff-mcscf|mo_coeff-hf>  2      2        0.88006694
<mo_coeff-mcscf|mo_coeff-hf>  2      4       -0.47480909
<mo_coeff-mcscf|mo_coeff-hf>  3      3        0.99995226
<mo_coeff-mcscf|mo_coeff-hf>  4      2        0.47480610
<mo_coeff-mcscf|mo_coeff-hf>  4      4        0.88001740
<mo_coeff-mcscf|mo_coeff-hf>  5      5        0.99999741
<mo_coeff-mcscf|mo_coeff-hf>  6      21      -0.56803280
<mo_coeff-mcscf|mo_coeff-hf>  7      19       0.55713258
<mo_coeff-mcscf|mo_coeff-hf>  7      34      -0.44483389
<mo_coeff-mcscf|mo_coeff-hf>  9      9        0.99999307
<mo_coeff-mcscf|mo_coeff-hf>  10     6        0.96062847
<mo_coeff-mcscf|mo_coeff-hf>  11     7       -0.98913183
<mo_coeff-mcscf|mo_coeff-hf>  12     11       0.85557701
<mo_coeff-mcscf|mo_coeff-hf>  12     12      -0.50549913
<mo_coeff-mcscf|mo_coeff-hf>  13     8       -0.67130950
<mo_coeff-mcscf|mo_coeff-hf>  13     10       0.65424934
<mo_coeff-mcscf|mo_coeff-hf>  14     14       0.99999854
<mo_coeff-mcscf|mo_coeff-hf>  15     15       0.99999060
<mo_coeff-mcscf|mo_coeff-hf>  16     8        0.53194368
<mo_coeff-mcscf|mo_coeff-hf>  16     10       0.63611872
<mo_coeff-mcscf|mo_coeff-hf>  16     16       0.40639731
<mo_coeff-mcscf|mo_coeff-hf>  17     12       0.77920554
<mo_coeff-mcscf|mo_coeff-hf>  17     19       0.43669269
<mo_coeff-mcscf|mo_coeff-hf>  18     13       0.85197780
<mo_coeff-mcscf|mo_coeff-hf>  19     17       0.99996815
<mo_coeff-mcscf|mo_coeff-hf>  20     19       0.56084792
<mo_coeff-mcscf|mo_coeff-hf>  20     20       0.81396088
<mo_coeff-mcscf|mo_coeff-hf>  21     16       0.77160413
<mo_coeff-mcscf|mo_coeff-hf>  21     18      -0.45348777
<mo_coeff-mcscf|mo_coeff-hf>  22     18       0.50077090
<mo_coeff-mcscf|mo_coeff-hf>  22     22       0.67916149
<mo_coeff-mcscf|mo_coeff-hf>  23     23       0.99995793
<mo_coeff-mcscf|mo_coeff-hf>  24     24       0.99992732
<mo_coeff-mcscf|mo_coeff-hf>  25     22       0.69886690
<mo_coeff-mcscf|mo_coeff-hf>  25     27      -0.45015876
<mo_coeff-mcscf|mo_coeff-hf>  26     26       0.99998578
<mo_coeff-mcscf|mo_coeff-hf>  27     25       0.84645188
<mo_coeff-mcscf|mo_coeff-hf>  27     27      -0.42136414
<mo_coeff-mcscf|mo_coeff-hf>  28     28      -0.45053263
<mo_coeff-mcscf|mo_coeff-hf>  28     31       0.48241248
<mo_coeff-mcscf|mo_coeff-hf>  28     34       0.52146134
<mo_coeff-mcscf|mo_coeff-hf>  29     29       0.99991400
<mo_coeff-mcscf|mo_coeff-hf>  30     30       0.99995207
<mo_coeff-mcscf|mo_coeff-hf>  31     28       0.82445434
<mo_coeff-mcscf|mo_coeff-hf>  31     31       0.54551910
<mo_coeff-mcscf|mo_coeff-hf>  32     27       0.42607418
<mo_coeff-mcscf|mo_coeff-hf>  32     32       0.73288908
<mo_coeff-mcscf|mo_coeff-hf>  33     32      -0.57611797
<mo_coeff-mcscf|mo_coeff-hf>  33     33       0.78374553
<mo_coeff-mcscf|mo_coeff-hf>  34     31      -0.65287326
<mo_coeff-mcscf|mo_coeff-hf>  34     34       0.65883143
<mo_coeff-mcscf|mo_coeff-hf>  35     35       0.99997088
<mo_coeff-mcscf|mo_coeff-hf>  36     36       0.98914548
<mo_coeff-mcscf|mo_coeff-hf>  37     37       0.99999345
<mo_coeff-mcscf|mo_coeff-hf>  38     21       0.44148647
<mo_coeff-mcscf|mo_coeff-hf>  38     38       0.76168463
<mo_coeff-mcscf|mo_coeff-hf>  39     39       0.99971981
<mo_coeff-mcscf|mo_coeff-hf>  40     40       0.99999687
<mo_coeff-mcscf|mo_coeff-hf>  41     38      -0.49169506
<mo_coeff-mcscf|mo_coeff-hf>  41     41       0.81557487
<mo_coeff-mcscf|mo_coeff-hf>  42     42       0.99999781
<mo_coeff-mcscf|mo_coeff-hf>  43     43       0.95579527
<mo_coeff-mcscf|mo_coeff-hf>  44     44       0.95362853
<mo_coeff-mcscf|mo_coeff-hf>  45     45       0.92793621
<mo_coeff-mcscf|mo_coeff-hf>  46     46       0.96095227
<mo_coeff-mcscf|mo_coeff-hf>  47     47       0.99998208
<mo_coeff-mcscf|mo_coeff-hf>  48     48       0.99999651
<mo_coeff-mcscf|mo_coeff-hf>  49     49       0.81158169
<mo_coeff-mcscf|mo_coeff-hf>  50     50       0.89510534
<mo_coeff-mcscf|mo_coeff-hf>  51     51       0.99998091
<mo_coeff-mcscf|mo_coeff-hf>  52     52       0.98374496
<mo_coeff-mcscf|mo_coeff-hf>  53     49       0.41019404
<mo_coeff-mcscf|mo_coeff-hf>  53     53       0.83957176
<mo_coeff-mcscf|mo_coeff-hf>  54     54       0.99646497
<mo_coeff-mcscf|mo_coeff-hf>  55     55       0.99999666
<mo_coeff-mcscf|mo_coeff-hf>  56     56       0.90876350
<mo_coeff-mcscf|mo_coeff-hf>  57     57       0.99946636
<mo_coeff-mcscf|mo_coeff-hf>  58     58       0.99999721
<mo_coeff-mcscf|mo_coeff-hf>  59     59       0.99873124
<mo_coeff-mcscf|mo_coeff-hf>  60     60       0.99447388
<mo_coeff-mcscf|mo_coeff-hf>  61     61       0.99999828
<mo_coeff-mcscf|mo_coeff-hf>  62     62       0.99998751
<mo_coeff-mcscf|mo_coeff-hf>  63     63       0.99912494
<mo_coeff-mcscf|mo_coeff-hf>  64     64       0.99988893
<mo_coeff-mcscf|mo_coeff-hf>  65     65       0.99998900
<mo_coeff-mcscf|mo_coeff-hf>  66     66       0.99984466
<mo_coeff-mcscf|mo_coeff-hf>  67     67       0.99999556
<mo_coeff-mcscf|mo_coeff-hf>  68     68       0.99998356
<mo_coeff-mcscf|mo_coeff-hf>  69     69       0.99773945
<mo_coeff-mcscf|mo_coeff-hf>  70     70       0.99352043
<mo_coeff-mcscf|mo_coeff-hf>  71     71       0.99598937
<mo_coeff-mcscf|mo_coeff-hf>  72     72       0.99981781
<mo_coeff-mcscf|mo_coeff-hf>  73     73       0.99999588
<mo_coeff-mcscf|mo_coeff-hf>  74     74       0.99805947
<mo_coeff-mcscf|mo_coeff-hf>  75     75       0.99891444
<mo_coeff-mcscf|mo_coeff-hf>  76     76       0.99999814
<mo_coeff-mcscf|mo_coeff-hf>  77     77       0.99619438
<mo_coeff-mcscf|mo_coeff-hf>  78     78       0.99624296
<mo_coeff-mcscf|mo_coeff-hf>  79     79       0.99952432
<mo_coeff-mcscf|mo_coeff-hf>  80     80       0.99999969
<mo_coeff-mcscf|mo_coeff-hf>  81     81       0.99983805
<mo_coeff-mcscf|mo_coeff-hf>  82     82       0.99999947
<mo_coeff-mcscf|mo_coeff-hf>  83     83       0.99999971
<mo_coeff-mcscf|mo_coeff-hf>  84     84       0.99998216
<mo_coeff-mcscf|mo_coeff-hf>  85     85       0.99999411
<mo_coeff-mcscf|mo_coeff-hf>  86     86       0.99968492
<mo_coeff-mcscf|mo_coeff-hf>  87     87       0.99999454
<mo_coeff-mcscf|mo_coeff-hf>  88     88       0.99951277
<mo_coeff-mcscf|mo_coeff-hf>  89     89       0.99906326
<mo_coeff-mcscf|mo_coeff-hf>  90     90       0.99998895
<mo_coeff-mcscf|mo_coeff-hf>  91     91       0.99984729
<mo_coeff-mcscf|mo_coeff-hf>  92     92       0.99998636
** Largest CI components **
  [alpha occ-orbitals] [beta occ-orbitals]            CI coefficient
  [0 1 2]              [0 1 2]                         0.987403169989
 ** Mulliken pop on meta-lowdin orthogonal AOs  **
 ** Mulliken pop  **
pop of  0 O 1s            1.99999
pop of  0 O 2s            1.65437
pop of  0 O 3s            0.00388
pop of  0 O 4s            0.00155
pop of  0 O 5s            0.00027
pop of  0 O 2px           1.98351
pop of  0 O 2py           1.32426
pop of  0 O 2pz           1.64868
pop of  0 O 3px           0.00339
pop of  0 O 3py           0.00701
pop of  0 O 3pz           0.00256
pop of  0 O 4px           0.00082
pop of  0 O 4py           0.00112
pop of  0 O 4pz           0.00188
pop of  0 O 5px           0.00023
pop of  0 O 5py           0.00003
pop of  0 O 5pz           0.00021
pop of  0 O 3dxy          0.00000
pop of  0 O 3dyz          0.00619
pop of  0 O 3dz^2         0.00371
pop of  0 O 3dxz          0.00247
pop of  0 O 3dx2-y2       0.00294
pop of  0 O 4dxy          0.00000
pop of  0 O 4dyz          0.00011
pop of  0 O 4dz^2         0.00067
pop of  0 O 4dxz          0.00039
pop of  0 O 4dx2-y2       0.00013
pop of  0 O 5dxy          0.00000
pop of  0 O 5dyz          0.00030
pop of  0 O 5dz^2         0.00005
pop of  0 O 5dxz          0.00002
pop of  0 O 5dx2-y2       0.00023
pop of  0 O 4f-3          0.00034
pop of  0 O 4f-2          0.00000
pop of  0 O 4f-1          0.00001
pop of  0 O 4f+0          0.00021
pop of  0 O 4f+1          0.00004
pop of  0 O 4f+2          0.00152
pop of  0 O 4f+3          0.00038
pop of  0 O 5f-3          0.00003
pop of  0 O 5f-2          0.00000
pop of  0 O 5f-1          0.00000
pop of  0 O 5f+0          0.00004
pop of  0 O 5f+1          0.00000
pop of  0 O 5f+2          0.00022
pop of  0 O 5f+3          0.00009
pop of  1 H 1s            0.64866
pop of  1 H 2s            0.00796
pop of  1 H 3s            0.00455
pop of  1 H 4s            0.00030
pop of  1 H 2px           0.00355
pop of  1 H 2py           0.00212
pop of  1 H 2pz           0.00200
pop of  1 H 3px           0.00008
pop of  1 H 3py           0.00100
pop of  1 H 3pz           0.00055
pop of  1 H 4px           0.00000
pop of  1 H 4py           0.00083
pop of  1 H 4pz           0.00014
pop of  1 H 3dxy          0.00013
pop of  1 H 3dyz          0.00016
pop of  1 H 3dz^2         0.00010
pop of  1 H 3dxz          0.00001
pop of  1 H 3dx2-y2       0.00037
pop of  1 H 4dxy          0.00012
pop of  1 H 4dyz          0.00004
pop of  1 H 4dz^2         0.00013
pop of  1 H 4dxz          0.00001
pop of  1 H 4dx2-y2       0.00028
pop of  2 H 1s            0.64866
pop of  2 H 2s            0.00796
pop of  2 H 3s            0.00455
pop of  2 H 4s            0.00030
pop of  2 H 2px           0.00355
pop of  2 H 2py           0.00212
pop of  2 H 2pz           0.00200
pop of  2 H 3px           0.00008
pop of  2 H 3py           0.00100
pop of  2 H 3pz           0.00055
pop of  2 H 4px           0.00000
pop of  2 H 4py           0.00083
pop of  2 H 4pz           0.00014
pop of  2 H 3dxy          0.00013
pop of  2 H 3dyz          0.00016
pop of  2 H 3dz^2         0.00010
pop of  2 H 3dxz          0.00001
pop of  2 H 3dx2-y2       0.00037
pop of  2 H 4dxy          0.00012
pop of  2 H 4dyz          0.00004
pop of  2 H 4dz^2         0.00013
pop of  2 H 4dxz          0.00001
pop of  2 H 4dx2-y2       0.00028
 ** Mulliken atomic charges  **
charge of    0O =     -0.65388
charge of    1H =      0.32694
charge of    2H =      0.32694
Mulliken spin population analysis on meta-Lowdin AOs:
 ** Mulliken pop on meta-lowdin orthogonal AOs  **
 ** Mulliken pop  **
pop of  0 O 1s            0.00000
pop of  0 O 2s            0.00000
pop of  0 O 3s            0.00000
pop of  0 O 4s            0.00000
pop of  0 O 5s            0.00000
pop of  0 O 2px           0.00000
pop of  0 O 2py          -0.00000
pop of  0 O 2pz           0.00000
pop of  0 O 3px           0.00000
pop of  0 O 3py          -0.00000
pop of  0 O 3pz          -0.00000
pop of  0 O 4px           0.00000
pop of  0 O 4py          -0.00000
pop of  0 O 4pz          -0.00000
pop of  0 O 5px          -0.00000
pop of  0 O 5py           0.00000
pop of  0 O 5pz          -0.00000
pop of  0 O 3dxy         -0.00000
pop of  0 O 3dyz         -0.00000
pop of  0 O 3dz^2         0.00000
pop of  0 O 3dxz          0.00000
pop of  0 O 3dx2-y2       0.00000
pop of  0 O 4dxy          0.00000
pop of  0 O 4dyz         -0.00000
pop of  0 O 4dz^2         0.00000
pop of  0 O 4dxz          0.00000
pop of  0 O 4dx2-y2       0.00000
pop of  0 O 5dxy         -0.00000
pop of  0 O 5dyz          0.00000
pop of  0 O 5dz^2         0.00000
pop of  0 O 5dxz          0.00000
pop of  0 O 5dx2-y2       0.00000
pop of  0 O 4f-3          0.00000
pop of  0 O 4f-2         -0.00000
pop of  0 O 4f-1          0.00000
pop of  0 O 4f+0          0.00000
pop of  0 O 4f+1         -0.00000
pop of  0 O 4f+2          0.00000
pop of  0 O 4f+3          0.00000
pop of  0 O 5f-3         -0.00000
pop of  0 O 5f-2         -0.00000
pop of  0 O 5f-1         -0.00000
pop of  0 O 5f+0          0.00000
pop of  0 O 5f+1         -0.00000
pop of  0 O 5f+2          0.00000
pop of  0 O 5f+3         -0.00000
pop of  1 H 1s           -0.00000
pop of  1 H 2s            0.00000
pop of  1 H 3s            0.00000
pop of  1 H 4s            0.00000
pop of  1 H 2px           0.00000
pop of  1 H 2py           0.00000
pop of  1 H 2pz          -0.00000
pop of  1 H 3px           0.00000
pop of  1 H 3py          -0.00000
pop of  1 H 3pz          -0.00000
pop of  1 H 4px           0.00000
pop of  1 H 4py          -0.00000
pop of  1 H 4pz          -0.00000
pop of  1 H 3dxy          0.00000
pop of  1 H 3dyz          0.00000
pop of  1 H 3dz^2        -0.00000
pop of  1 H 3dxz          0.00000
pop of  1 H 3dx2-y2       0.00000
pop of  1 H 4dxy          0.00000
pop of  1 H 4dyz         -0.00000
pop of  1 H 4dz^2        -0.00000
pop of  1 H 4dxz          0.00000
pop of  1 H 4dx2-y2       0.00000
pop of  2 H 1s           -0.00000
pop of  2 H 2s            0.00000
pop of  2 H 3s            0.00000
pop of  2 H 4s            0.00000
pop of  2 H 2px           0.00000
pop of  2 H 2py           0.00000
pop of  2 H 2pz          -0.00000
pop of  2 H 3px           0.00000
pop of  2 H 3py          -0.00000
pop of  2 H 3pz          -0.00000
pop of  2 H 4px           0.00000
pop of  2 H 4py          -0.00000
pop of  2 H 4pz          -0.00000
pop of  2 H 3dxy          0.00000
pop of  2 H 3dyz          0.00000
pop of  2 H 3dz^2        -0.00000
pop of  2 H 3dxz          0.00000
pop of  2 H 3dx2-y2       0.00000
pop of  2 H 4dxy          0.00000
pop of  2 H 4dyz         -0.00000
pop of  2 H 4dz^2        -0.00000
pop of  2 H 4dxz          0.00000
pop of  2 H 4dx2-y2       0.00000
 ** Mulliken atomic charges  **
charge of    0O =      8.00000
charge of    1H =      1.00000
charge of    2H =      1.00000
spop of 0 O 1s          0.00000
spop of 0 O 2s          0.00000
spop of 0 O 3s          0.00000
spop of 0 O 4s          0.00000
spop of 0 O 5s          0.00000
spop of 0 O 2px         0.00000
spop of 0 O 2py        -0.00000
spop of 0 O 2pz         0.00000
spop of 0 O 3px         0.00000
spop of 0 O 3py        -0.00000
spop of 0 O 3pz        -0.00000
spop of 0 O 4px         0.00000
spop of 0 O 4py        -0.00000
spop of 0 O 4pz        -0.00000
spop of 0 O 5px        -0.00000
spop of 0 O 5py         0.00000
spop of 0 O 5pz        -0.00000
spop of 0 O 3dxy       -0.00000
spop of 0 O 3dyz       -0.00000
spop of 0 O 3dz^2       0.00000
spop of 0 O 3dxz        0.00000
spop of 0 O 3dx2-y2     0.00000
spop of 0 O 4dxy        0.00000
spop of 0 O 4dyz       -0.00000
spop of 0 O 4dz^2       0.00000
spop of 0 O 4dxz        0.00000
spop of 0 O 4dx2-y2     0.00000
spop of 0 O 5dxy       -0.00000
spop of 0 O 5dyz        0.00000
spop of 0 O 5dz^2       0.00000
spop of 0 O 5dxz        0.00000
spop of 0 O 5dx2-y2     0.00000
spop of 0 O 4f-3        0.00000
spop of 0 O 4f-2       -0.00000
spop of 0 O 4f-1        0.00000
spop of 0 O 4f+0        0.00000
spop of 0 O 4f+1       -0.00000
spop of 0 O 4f+2        0.00000
spop of 0 O 4f+3        0.00000
spop of 0 O 5f-3       -0.00000
spop of 0 O 5f-2       -0.00000
spop of 0 O 5f-1       -0.00000
spop of 0 O 5f+0        0.00000
spop of 0 O 5f+1       -0.00000
spop of 0 O 5f+2        0.00000
spop of 0 O 5f+3       -0.00000
spop of 1 H 1s         -0.00000
spop of 1 H 2s          0.00000
spop of 1 H 3s          0.00000
spop of 1 H 4s          0.00000
spop of 1 H 2px         0.00000
spop of 1 H 2py         0.00000
spop of 1 H 2pz        -0.00000
spop of 1 H 3px         0.00000
spop of 1 H 3py        -0.00000
spop of 1 H 3pz        -0.00000
spop of 1 H 4px         0.00000
spop of 1 H 4py        -0.00000
spop of 1 H 4pz        -0.00000
spop of 1 H 3dxy        0.00000
spop of 1 H 3dyz        0.00000
spop of 1 H 3dz^2      -0.00000
spop of 1 H 3dxz        0.00000
spop of 1 H 3dx2-y2     0.00000
spop of 1 H 4dxy        0.00000
spop of 1 H 4dyz       -0.00000
spop of 1 H 4dz^2      -0.00000
spop of 1 H 4dxz        0.00000
spop of 1 H 4dx2-y2     0.00000
spop of 2 H 1s         -0.00000
spop of 2 H 2s          0.00000
spop of 2 H 3s          0.00000
spop of 2 H 4s          0.00000
spop of 2 H 2px         0.00000
spop of 2 H 2py         0.00000
spop of 2 H 2pz        -0.00000
spop of 2 H 3px         0.00000
spop of 2 H 3py        -0.00000
spop of 2 H 3pz        -0.00000
spop of 2 H 4px         0.00000
spop of 2 H 4py        -0.00000
spop of 2 H 4pz        -0.00000
spop of 2 H 3dxy        0.00000
spop of 2 H 3dyz        0.00000
spop of 2 H 3dz^2      -0.00000
spop of 2 H 3dxz        0.00000
spop of 2 H 3dx2-y2     0.00000
spop of 2 H 4dxy        0.00000
spop of 2 H 4dyz       -0.00000
spop of 2 H 4dz^2      -0.00000
spop of 2 H 4dxz        0.00000
spop of 2 H 4dx2-y2     0.00000
Mulliken atomic spins:
spin of  0O =      0.00000
spin of  1H =      0.00000
spin of  2H =      0.00000
CASSCF energy: -76.119949



------------------------------------------------------------------------------

            PRISM: Open-Source implementation of ab initio methods
                    for excited states and spectroscopy

                               Version 0.9

                   Copyright (C) 2026 Prism Developers
                   Contributors: Nicholas Yiching Chiang
                                 Carlos E. V. de Moura
                                 Nishshanka M. Lakshan
                                 Rajat S. Majumder
                                 Ilia M. Mazin
                                 Donna H. Odhiambo
                                 Bryce Pickett
                                 James D. Serna
                                 Alexander Yu. Sokolov

            Unless required by applicable law or agreed to in
            writing, software distributed under the GNU General
            Public License v3.0 and is distributed on an "AS IS"
            BASIS, WITHOUT WARRANTIES OR CONDITIONS OF ANY KIND,
            either express or implied.

            See the License for the specific language governing
            permissions and limitations.

            Available at https://github.com/sokolov-group/prism

------------------------------------------------------------------------------

Importing Pyscf objects...

Collecting reference wavefunction information...
Reference wavefunction: casscf
Canonicalizing molecular orbitals using reference wavefunction manifold...

Summary of reference wavefunction manifold:
Total number of reference states: 1
  State       S^2        S      (2S+1)        E(total)              E(CAS)
-----------------------------------------------------------------------------------
    1       0.00000     0.0        1      -76.119949342465     -13.397999991026
-----------------------------------------------------------------------------------

Initializing fully internally contracted NEVPT...

Computing NEVPT energies...

Method:                                            nevpt2
Method type:                                       ss
Nuclear repulsion energy:                          9.168193300756
Number of electrons:                               10
Number of basis functions:                         92
Reference wavefunction type:                       casscf
Number of reference states:                        1
Number of reference microstates:                   1
Number of frozen orbitals:                         0
Number of core orbitals:                           2
Number of active orbitals:                         6
Number of external orbitals:                       84
Number of active electrons:                        [(3, 3)]
Spin–orbit coupling:                               None
G-tensor:                                          False
Reference density fitting?                         False
Correlation density fitting?                       False
Temporary directory path:                          /tmp

Internal contraction:                              Full (= Partial)
Compute singles amplitudes?                        False
Overlap truncation parameter (singles):            1.00e-08
Overlap truncation parameter (doubles):            1.00e-08

Einsum Backend:                                    opt_einsum

Transforming integrals to MO basis...
Correlation energy [0]:                           -0.017472603818

Computing energy of state #1...
Reference state active-space energy:             -13.397999991026
Reference state spin multiplicity:                 1
Number of active electrons:                        [(3, 3)]
Correlation energy [0']:                          -0.031180896654
Correlation energy [+1']:                         -0.003891431980
Correlation energy [-1']:                         -0.048531865909
Correlation energy [+1]:                          -0.003066294260
Correlation energy [-1]:                          -0.040730725990
Correlation energy [+2]:                          -0.001284454005
Correlation energy [-2]:                          -0.071429499140
Correlation energy [0]:                           -0.017472603818
CASSCF reference state total energy:             -76.119949342465
NEVPT2 correlation energy:                        -0.217587771756
Total NEVPT2 energy:                             -76.337537114221

Summary of results for the SS-NEVPT2 calculation with the CASSCF reference:
------------------------------------------------------------------------------------------------------------------
  State    Degen.        E(total)            dE(a.u.)        dE(eV)      dE(nm)       dE(cm-1)      Osc Str.  
------------------------------------------------------------------------------------------------------------------
    1        1          -76.337537114221     0.00000000       0.0000                      0.0000               
----------------------------------------------------------------------------------------------------------------
> CPU time for total NEVPT2 calculation     26.25 sec, wall time      0.78 sec

Computing NEVPT energies...

Method:                                            nevpt2
Method type:                                       ss
Nuclear repulsion energy:                          9.168193300756
Number of electrons:                               10
Number of basis functions:                         92
Reference wavefunction type:                       casscf
Number of reference states:                        1
Number of reference microstates:                   1
Number of frozen orbitals:                         1
Number of core orbitals:                           2
Number of active orbitals:                         6
Number of external orbitals:                       84
Number of active electrons:                        [(3, 3)]
Spin–orbit coupling:                               None
G-tensor:                                          False
Reference density fitting?                         False
Correlation density fitting?                       False
Temporary directory path:                          /tmp

Internal contraction:                              Full (= Partial)
Compute singles amplitudes?                        False
Overlap truncation parameter (singles):            1.00e-08
Overlap truncation parameter (doubles):            1.00e-08

Einsum Backend:                                    opt_einsum

Transforming integrals to MO basis...
Correlation energy [0]:                           -0.009826681752

Computing energy of state #1...
Reference state active-space energy:             -13.397999991026
Reference state spin multiplicity:                 1
Number of active electrons:                        [(3, 3)]
Correlation energy [0']:                          -0.029593824172
Correlation energy [+1']:                         -0.003792039591
Correlation energy [-1']:                         -0.048531865909
Correlation energy [+1]:                          -0.001606762449
Correlation energy [-1]:                          -0.036462918215
Correlation energy [+2]:                          -0.001064179331
Correlation energy [-2]:                          -0.071429499140
Correlation energy [0]:                           -0.009826681752
CASSCF reference state total energy:             -76.119949342465
NEVPT2 correlation energy:                        -0.202307770559
Total NEVPT2 energy:                             -76.322257113024

Summary of results for the SS-NEVPT2 calculation with the CASSCF reference:
------------------------------------------------------------------------------------------------------------------
  State    Degen.        E(total)            dE(a.u.)        dE(eV)      dE(nm)       dE(cm-1)      Osc Str.  
------------------------------------------------------------------------------------------------------------------
    1        1          -76.322257113024     0.00000000       0.0000                      0.0000               
----------------------------------------------------------------------------------------------------------------
> CPU time for total NEVPT2 calculation     25.81 sec, wall time      0.76 sec
