#INFO: **** input file is /home/wang.21295/chem/prism/examples/nevpt/02-nevpt2-references.py ****
#!/usr/bin/env python3
# 02-nevpt2-references.py
# Modified by Ziqiu Wang < sgwzq0810@gmail.com >

'''
Using different reference wavefunctions to run NEVPT2 for N2
'''

import numpy as np
import pyscf.gto, pyscf.scf, pyscf.mcscf
import prism.interface, prism.mr_adc, prism.nevpt

mol = pyscf.gto.Mole()
r = 1.098
mol.atom = [
    ['N', ( 0., 0.    , -r/2)],
    ['N', ( 0., 0.    ,  r/2)],]
mol.basis = {'N':'aug-cc-pvtz'}
mol.verbose = 4
mol.build()

# RHF calculation as guess for CASSCF
mf = pyscf.scf.RHF(mol)
mf.kernel()

####################
# CASSCF reference
####################
mc = pyscf.mcscf.CASSCF(mf, 6, 6)
emc = mc.mc1step()[0]

mp_cas = prism.interface.PYSCF(mf, mc, backend = 'opt_einsum')
mn_cas = prism.nevpt.NEVPT(mp_cas)
mn_cas.kernel()

####################
# SA-CASSCF reference
####################
n_states = 9
weights = np.ones(n_states)/n_states
mc_sa = pyscf.mcscf.CASSCF(mf, 6, 6).state_average_(weights)
emc = mc_sa.mc1step()[0]

mp_sa = prism.interface.PYSCF(mf, mc_sa, backend = 'opt_einsum')
mn_sa = prism.nevpt.NEVPT(mp_sa)
mn_sa.kernel()

####################
# MS-CASCI reference
####################
n_states = 9
mc_ms = pyscf.mcscf.CASCI(mf, 6, 6)
mc_ms.fcisolver.nroots = n_states
emc = mc_ms.casci()[0]

mp_ms = prism.interface.PYSCF(mf, mc_ms, backend = 'opt_einsum')
mn_ms = prism.nevpt.NEVPT(mp_ms)
mn_ms.kernel()
#INFO: ******************** input file end ********************


System: uname_result(system='Linux', node='asccbc-nc271708.asc.ohio-state.edu', release='4.18.0-553.129.1.el8_10.x86_64', version='#1 SMP Tue Jun 2 12:11:39 EDT 2026', machine='x86_64')  Threads 40
Python 3.14.2 | packaged by Anaconda, Inc. | (main, Dec 19 2025, 11:49:32) [GCC 14.3.0]
numpy 2.4.2  scipy 1.16.3  h5py 3.15.1
Date: Thu Aug 20 14:17:01 2026
PySCF version 2.12.1
PySCF path  /home/wang.21295/.conda/envs/prism/lib/python3.14/site-packages/pyscf

[CONFIG] conf_file None
[INPUT] verbose = 4
[INPUT] num. atoms = 2
[INPUT] num. electrons = 14
[INPUT] charge = 0
[INPUT] spin (= nelec alpha-beta = 2S) = 0
[INPUT] symmetry False subgroup None
[INPUT] Mole.unit = angstrom
[INPUT] Symbol           X                Y                Z      unit          X                Y                Z       unit  Magmom
[INPUT]  1 N      0.000000000000   0.000000000000  -0.549000000000 AA    0.000000000000   0.000000000000  -1.037459642386 Bohr   0.0
[INPUT]  2 N      0.000000000000   0.000000000000   0.549000000000 AA    0.000000000000   0.000000000000   1.037459642386 Bohr   0.0

nuclear repulsion = 23.6153764436066
number of shells = 26
number of NR pGTOs = 116
number of NR cGTOs = 92
basis = {'N': 'aug-cc-pvtz'}
ecp = {}
CPU time:         0.73


******** <class 'pyscf.scf.hf.RHF'> ********
method = RHF
initial guess = minao
damping factor = 0
level_shift factor = 0
DIIS = <class 'pyscf.scf.diis.CDIIS'>
diis_start_cycle = 1
diis_space = 8
diis_damp = 0
SCF conv_tol = 1e-09
SCF conv_tol_grad = None
SCF max_cycles = 50
direct_scf = True
direct_scf_tol = 1e-13
chkfile to save SCF result = /tmp/tmpv79ckvgo
max_memory 4000 MB (current use 118 MB)
Set gradient conv threshold to 3.16228e-05
Initial guess from minao.
init E= -109.011967517709
  HOMO = -0.385623533608604  LUMO = 0.0515719988276934
cycle= 1 E= -108.963260683101  delta_E= 0.0487  |g|= 0.298  |ddm|= 1.24
  HOMO = -0.665300010924697  LUMO = 0.0826997904822487
cycle= 2 E= -108.983011631224  delta_E= -0.0198  |g|= 0.0927  |ddm|= 0.24
  HOMO = -0.614575465578718  LUMO = 0.0828075839759041
cycle= 3 E= -108.984534453069  delta_E= -0.00152  |g|= 0.016  |ddm|= 0.0525
  HOMO = -0.614053741485721  LUMO = 0.0827680302415796
cycle= 4 E= -108.984634114694  delta_E= -9.97e-05  |g|= 0.00196  |ddm|= 0.0182
  HOMO = -0.614427670119977  LUMO = 0.0827685500631318
cycle= 5 E= -108.984635231028  delta_E= -1.12e-06  |g|= 0.000199  |ddm|= 0.00195
  HOMO = -0.614412922296333  LUMO = 0.0827641742401616
cycle= 6 E= -108.984635251436  delta_E= -2.04e-08  |g|= 4.52e-05  |ddm|= 0.000236
  HOMO = -0.614401764975188  LUMO = 0.082763340036933
cycle= 7 E= -108.984635252585  delta_E= -1.15e-09  |g|= 4.65e-06  |ddm|= 9.63e-05
  HOMO = -0.614401935865088  LUMO = 0.0827632634547077
cycle= 8 E= -108.984635252593  delta_E= -8.36e-12  |g|= 3.21e-07  |ddm|= 1.7e-05
  HOMO = -0.614401876526527  LUMO = 0.082763264983603
Extra cycle  E= -108.984635252593  delta_E= -1.71e-13  |g|= 9.46e-08  |ddm|= 7.6e-07
converged SCF energy = -108.984635252593

******** <class 'pyscf.mcscf.mc1step.CASSCF'> ********
CAS (3e+3e, 6o), ncore = 4, nvir = 82
max_cycle_macro = 50
max_cycle_micro = 4
conv_tol = 1e-07
conv_tol_grad = None
orbital rotation max_stepsize = 0.02
orbital rotation threshold for CI restart = 0.01
augmented hessian ah_max_cycle = 30
augmented hessian ah_conv_tol = 1e-12
augmented hessian ah_linear dependence = 1e-14
augmented hessian ah_level shift = 1e-08
augmented hessian ah_start_tol = 2.5
augmented hessian ah_start_cycle = 3
augmented hessian ah_grad_trust_region = 3
kf_trust_region = 3
kf_interval = 4
ci_response_space = 4
ci_grad_trust_region = 3
with_dep4 0
natorb = False
canonicalization = True
sorting_mo_energy = False
ao2mo_level = 2
chkfile = /tmp/tmpv79ckvgo
max_memory 4000 MB (current use 291 MB)
internal_rotation = False
******** <class 'pyscf.fci.direct_spin1.FCISolver'> ********
max. cycles = 50
conv_tol = 1e-08
davidson only = False
linear dependence = 1e-12
level shift = 0.001
max iter space = 12
max_memory 4000 MB
nroots = 1
pspace_size = 400
spin = None
CASCI E = -108.987372196015  S^2 = 0.0000000
Set conv_tol_grad to 0.000316228
macro iter   1 ( 21 JK    4 micro), CASSCF E = -109.001721281780  dE = -1.43490858e-02  S^2 = 0.0000000
               |grad[o]|=0.00955  |grad[c]|=0.0253  |ddm|=0.0288  |maxRot[o]|=0.311
macro iter   2 ( 21 JK    4 micro), CASSCF E = -109.017820968087  dE = -1.60996863e-02  S^2 = 0.0000000
               |grad[o]|= 0.03  |grad[c]|=0.0205  |ddm|=0.0348  |maxRot[o]|=0.295
macro iter   3 ( 21 JK    4 micro), CASSCF E = -109.025425546562  dE = -7.60457847e-03  S^2 = 0.0000000
               |grad[o]|=0.0218  |grad[c]|=0.0334  |ddm|=0.00956  |maxRot[o]|=0.281
macro iter   4 ( 21 JK    4 micro), CASSCF E = -109.036555021067  dE = -1.11294745e-02  S^2 = 0.0000000
               |grad[o]|=0.0211  |grad[c]|=0.0329  |ddm|=0.00733  |maxRot[o]|=0.286
macro iter   5 ( 21 JK    4 micro), CASSCF E = -109.046797205421  dE = -1.02421844e-02  S^2 = 0.0000000
               |grad[o]|= 0.02  |grad[c]|=0.029  |ddm|=0.00439  |maxRot[o]|= 0.31
macro iter   6 ( 21 JK    4 micro), CASSCF E = -109.048959532036  dE = -2.16232662e-03  S^2 = 0.0000000
               |grad[o]|=0.0122  |grad[c]|=0.0102  |ddm|=0.00358  |maxRot[o]|=0.237
macro iter   7 ( 21 JK    4 micro), CASSCF E = -109.062886081850  dE = -1.39265498e-02  S^2 = 0.0000000
               |grad[o]|=0.00669  |grad[c]|=0.0478  |ddm|=0.00663  |maxRot[o]|=0.288
macro iter   8 ( 21 JK    4 micro), CASSCF E = -109.095237777527  dE = -3.23516957e-02  S^2 = 0.0000000
               |grad[o]|=0.0295  |grad[c]|=0.0487  |ddm|=0.0204  |maxRot[o]|=0.307
macro iter   9 ( 21 JK    4 micro), CASSCF E = -109.119639003239  dE = -2.44012257e-02  S^2 = 0.0000000
               |grad[o]|=0.0472  |grad[c]|=0.0309  |ddm|=0.0298  |maxRot[o]|=0.308
macro iter  10 ( 14 JK    4 micro), CASSCF E = -109.120613283797  dE = -9.74280558e-04  S^2 = 0.0000000
               |grad[o]|=0.0171  |grad[c]|=0.00214  |ddm|=0.00592  |maxRot[o]|=0.065
macro iter  11 (  7 JK    2 micro), CASSCF E = -109.120615046797  dE = -1.76300004e-06  S^2 = 0.0000000
               |grad[o]|=0.000895  |grad[c]|=8.99e-05  |ddm|=0.000252  |maxRot[o]|=0.00594
macro iter  12 (  3 JK    1 micro), CASSCF E = -109.120615049775  dE = -2.97799829e-09  S^2 = 0.0000000
               |grad[o]|=5.1e-05  |grad[c]|=3.27e-05  |ddm|=3.59e-05  |maxRot[o]|=0.000143
1-step CASSCF converged in  12 macro (213 JK  43 micro) steps
CASSCF canonicalization
Density matrix diagonal elements [1.98211495 1.94182588 1.94182577 0.01807798 0.05807766 0.05807777]
CASSCF energy = -109.120615049775
CASCI E = -109.120615049775  E(CI) = -13.6946772806817  S^2 = 0.0000000


------------------------------------------------------------------------------

            PRISM: Open-Source implementation of ab initio methods
                    for excited states and spectroscopy

                               Version 0.9

                   Copyright (C) 2026 Prism Developers
                   Contributors: Nicholas Yiching Chiang
                                 Carlos E. V. de Moura
                                 Nishshanka M. Lakshan
                                 Rajat S. Majumder
                                 Ilia M. Mazin
                                 Donna H. Odhiambo
                                 Bryce Pickett
                                 James D. Serna
                                 Alexander Yu. Sokolov

            Unless required by applicable law or agreed to in
            writing, software distributed under the GNU General
            Public License v3.0 and is distributed on an "AS IS"
            BASIS, WITHOUT WARRANTIES OR CONDITIONS OF ANY KIND,
            either express or implied.

            See the License for the specific language governing
            permissions and limitations.

            Available at https://github.com/sokolov-group/prism

------------------------------------------------------------------------------

Importing Pyscf objects...

Collecting reference wavefunction information...
Reference wavefunction: casscf
Canonicalizing molecular orbitals using reference wavefunction manifold...

Summary of reference wavefunction manifold:
Total number of reference states: 1
  State       S^2        S      (2S+1)        E(total)              E(CAS)
-----------------------------------------------------------------------------------
    1       0.00000     0.0        1     -109.120615049775     -13.694677280682
-----------------------------------------------------------------------------------

Initializing fully internally contracted NEVPT...

Computing NEVPT energies...

Method:                                            nevpt2
Method type:                                       ss
Nuclear repulsion energy:                         23.615376443607
Number of electrons:                               14
Number of basis functions:                         92
Reference wavefunction type:                       casscf
Number of reference states:                        1
Number of reference microstates:                   1
Number of frozen orbitals:                         0
Number of core orbitals:                           4
Number of active orbitals:                         6
Number of external orbitals:                       82
Number of active electrons:                        [(3, 3)]
Spin–orbit coupling:                               None
G-tensor:                                          False
Reference density fitting?                         False
Correlation density fitting?                       False
Temporary directory path:                          /tmp

Internal contraction:                              Full (= Partial)
Compute singles amplitudes?                        False
Overlap truncation parameter (singles):            1.00e-08
Overlap truncation parameter (doubles):            1.00e-08

Einsum Backend:                                    opt_einsum

Transforming integrals to MO basis...
Correlation energy [0]:                           -0.042659240690

Computing energy of state #1...
Reference state active-space energy:             -13.694677280682
Reference state spin multiplicity:                 1
Number of active electrons:                        [(3, 3)]
Correlation energy [0']:                          -0.063339238618
Correlation energy [+1']:                         -0.001938062941
Correlation energy [-1']:                         -0.011051237540
Correlation energy [+1]:                          -0.010429860946
Correlation energy [-1]:                          -0.051426632249
Correlation energy [+2]:                          -0.005284860028
Correlation energy [-2]:                          -0.064745147395
Correlation energy [0]:                           -0.042659240690
CASSCF reference state total energy:            -109.120615049775
NEVPT2 correlation energy:                        -0.250874280406
Total NEVPT2 energy:                            -109.371489330181

Summary of results for the SS-NEVPT2 calculation with the CASSCF reference:
------------------------------------------------------------------------------------------------------------------
  State    Degen.        E(total)            dE(a.u.)        dE(eV)      dE(nm)       dE(cm-1)      Osc Str.  
------------------------------------------------------------------------------------------------------------------
    1        1         -109.371489330181     0.00000000       0.0000                      0.0000               
----------------------------------------------------------------------------------------------------------------
> CPU time for total NEVPT2 calculation     29.96 sec, wall time      0.88 sec

******** <class 'pyscf.mcscf.addons.StateAverageCASSCF'> ********
CAS (3e+3e, 6o), ncore = 4, nvir = 82
max_cycle_macro = 50
max_cycle_micro = 4
conv_tol = 1e-07
conv_tol_grad = None
orbital rotation max_stepsize = 0.02
orbital rotation threshold for CI restart = 0.01
augmented hessian ah_max_cycle = 30
augmented hessian ah_conv_tol = 1e-12
augmented hessian ah_linear dependence = 1e-14
augmented hessian ah_level shift = 1e-08
augmented hessian ah_start_tol = 2.5
augmented hessian ah_start_cycle = 3
augmented hessian ah_grad_trust_region = 3
kf_trust_region = 3
kf_interval = 4
ci_response_space = 4
ci_grad_trust_region = 3
with_dep4 0
natorb = False
canonicalization = True
sorting_mo_energy = False
ao2mo_level = 2
chkfile = /tmp/tmpv79ckvgo
max_memory 4000 MB (current use 547 MB)
internal_rotation = False
******** <class 'pyscf.mcscf.addons.StateAverageFCISolver'> ********
max. cycles = 50
conv_tol = 1e-08
davidson only = False
linear dependence = 1e-12
level shift = 0.001
max iter space = 12
max_memory 4000 MB
nroots = 9
pspace_size = 400
spin = None
State-average over 9 states with weights [0.11111111 0.11111111 0.11111111 0.11111111 0.11111111 0.11111111
 0.11111111 0.11111111 0.11111111]
CASCI E = -108.558207841442  S^2 = 1.1111111
Set conv_tol_grad to 0.000316228
macro iter   1 ( 21 JK    4 micro), CASSCF E = -108.616848650569  dE = -5.86408091e-02  S^2 = 1.1111111
               |grad[o]|=0.285  |ddm|=0.0204  |maxRot[o]|=0.314
macro iter   2 ( 21 JK    4 micro), CASSCF E = -108.657836337261  dE = -4.09876867e-02  S^2 = 1.1111111
               |grad[o]|=0.189  |ddm|=0.0294  |maxRot[o]|=0.271
macro iter   3 ( 21 JK    4 micro), CASSCF E = -108.666607517350  dE = -8.77118009e-03  S^2 = 1.1111111
               |grad[o]|=0.0947  |ddm|=0.00555  |maxRot[o]|=0.313
macro iter   4 ( 21 JK    4 micro), CASSCF E = -108.673368615566  dE = -6.76109822e-03  S^2 = 1.1111111
               |grad[o]|=0.0568  |ddm|=0.0037  |maxRot[o]|=0.313
macro iter   5 ( 21 JK    4 micro), CASSCF E = -108.677194641513  dE = -3.82602595e-03  S^2 = 1.1111111
               |grad[o]|=0.0343  |ddm|=0.0025  |maxRot[o]|=0.313
macro iter   6 ( 14 JK    4 micro), CASSCF E = -108.677540898240  dE = -3.46256727e-04  S^2 = 1.1111111
               |grad[o]|=0.0108  |ddm|=0.00187  |maxRot[o]|=0.119
macro iter   7 (  5 JK    1 micro), CASSCF E = -108.677540931997  dE = -3.37568906e-08  S^2 = 1.1111111
               |grad[o]|=9.62e-05  |ddm|=9.75e-06  |maxRot[o]|=0.000407
1-step CASSCF converged in   7 macro (124 JK  25 micro) steps
CASSCF canonicalization
Density matrix diagonal elements [1.76692149 1.57725525 1.73489248 0.00933413 0.33412396 0.57747269]
CASSCF energy = -108.677540931997
CASCI E = -108.677540931997  E(CI) = -11.2827084721703  S^2 = 1.1111111
CASCI state-averaged energy = -108.677540931997
CASCI energy for each state
  State 0 weight 0.111111  E = -109.024985679011 S^2 = 0.0000000
  State 1 weight 0.111111  E = -108.739981386864 S^2 = 2.0000000
  State 2 weight 0.111111  E = -108.710595452833 S^2 = 2.0000000
  State 3 weight 0.111111  E = -108.680869284304 S^2 = 2.0000000
  State 4 weight 0.111111  E = -108.680613916727 S^2 = 0.0000000
  State 5 weight 0.111111  E = -108.619899753569 S^2 = 0.0000000
  State 6 weight 0.111111  E = -108.560741634927 S^2 = 2.0000000
  State 7 weight 0.111111  E = -108.551091074129 S^2 = 0.0000000
  State 8 weight 0.111111  E = -108.529090205605 S^2 = 2.0000000


------------------------------------------------------------------------------

            PRISM: Open-Source implementation of ab initio methods
                    for excited states and spectroscopy

                               Version 0.9

                   Copyright (C) 2026 Prism Developers
                   Contributors: Nicholas Yiching Chiang
                                 Carlos E. V. de Moura
                                 Nishshanka M. Lakshan
                                 Rajat S. Majumder
                                 Ilia M. Mazin
                                 Donna H. Odhiambo
                                 Bryce Pickett
                                 James D. Serna
                                 Alexander Yu. Sokolov

            Unless required by applicable law or agreed to in
            writing, software distributed under the GNU General
            Public License v3.0 and is distributed on an "AS IS"
            BASIS, WITHOUT WARRANTIES OR CONDITIONS OF ANY KIND,
            either express or implied.

            See the License for the specific language governing
            permissions and limitations.

            Available at https://github.com/sokolov-group/prism

------------------------------------------------------------------------------

Importing Pyscf objects...

Collecting reference wavefunction information...
Reference wavefunction: sa-casscf
Canonicalizing molecular orbitals using reference wavefunction manifold...

Summary of reference wavefunction manifold:
Total number of reference states: 9
  State       S^2        S      (2S+1)        E(total)              E(CAS)
-----------------------------------------------------------------------------------
    1       0.00000     0.0        1     -109.024985679011     -11.630153219185
    2       2.00000     1.0        3     -108.739981386864     -11.345148927037
    3       2.00000     1.0        3     -108.710595452833     -11.315762993006
    4       2.00000     1.0        3     -108.680869284304     -11.286036824478
    5       0.00000     0.0        1     -108.680613916727     -11.285781456901
    6       0.00000     0.0        1     -108.619899753569     -11.225067293743
    7       2.00000     1.0        3     -108.560741634927     -11.165909175101
    8       0.00000     0.0        1     -108.551091074129     -11.156258614303
    9       2.00000     1.0        3     -108.529090205605     -11.134257745779
-----------------------------------------------------------------------------------

Initializing fully internally contracted NEVPT...

Computing NEVPT energies...

Method:                                            nevpt2
Method type:                                       ss
Nuclear repulsion energy:                         23.615376443607
Number of electrons:                               14
Number of basis functions:                         92
Reference wavefunction type:                       sa-casscf
Number of reference states:                        9
Number of reference microstates:                   9
Number of frozen orbitals:                         0
Number of core orbitals:                           4
Number of active orbitals:                         6
Number of external orbitals:                       82
Number of active electrons:                        [(3, 3), (3, 3), (3, 3), (3, 3), (3, 3), (3, 3), (3, 3), (3, 3), (3, 3)]
Spin–orbit coupling:                               None
G-tensor:                                          False
Reference density fitting?                         False
Correlation density fitting?                       False
Temporary directory path:                          /tmp

Internal contraction:                              Full (= Partial)
Compute singles amplitudes?                        False
Overlap truncation parameter (singles):            1.00e-08
Overlap truncation parameter (doubles):            1.00e-08

Einsum Backend:                                    opt_einsum

Transforming integrals to MO basis...
Correlation energy [0]:                           -0.043557566084

Computing energy of state #1...
Reference state active-space energy:             -11.630153219185
Reference state spin multiplicity:                 1
Number of active electrons:                        [(3, 3)]
Correlation energy [0']:                          -0.058628408701
Correlation energy [+1']:                         -0.009360834778
Correlation energy [-1']:                         -0.063765491439
Correlation energy [+1]:                          -0.007976139193
Correlation energy [-1]:                          -0.091140816898
Correlation energy [+2]:                          -0.003345607777
Correlation energy [-2]:                          -0.090919493534
Correlation energy [0]:                           -0.043557566084
SA-CASSCF reference state total energy:         -109.024985679011
NEVPT2 correlation energy:                        -0.368694358404
Total NEVPT2 energy:                            -109.393680037416

Computing energy of state #2...
Reference state active-space energy:             -11.345148927037
Reference state spin multiplicity:                 3
Number of active electrons:                        [(3, 3)]
Correlation energy [0']:                          -0.060669437531
Correlation energy [+1']:                         -0.006370128917
Correlation energy [-1']:                         -0.040976084134
Correlation energy [+1]:                          -0.008497094514
Correlation energy [-1]:                          -0.091666992623
Correlation energy [+2]:                          -0.002042757520
Correlation energy [-2]:                          -0.086259414738
Correlation energy [0]:                           -0.043557566084
SA-CASSCF reference state total energy:         -108.739981386864
NEVPT2 correlation energy:                        -0.340039476061
Total NEVPT2 energy:                            -109.080020862925

Computing energy of state #3...
Reference state active-space energy:             -11.315762993006
Reference state spin multiplicity:                 3
Number of active electrons:                        [(3, 3)]
Correlation energy [0']:                          -0.057842325589
Correlation energy [+1']:                         -0.008102376016
Correlation energy [-1']:                         -0.047609094978
Correlation energy [+1]:                          -0.011746086988
Correlation energy [-1]:                          -0.087160108505
Correlation energy [+2]:                          -0.001750702691
Correlation energy [-2]:                          -0.073798138716
Correlation energy [0]:                           -0.043557566084
SA-CASSCF reference state total energy:         -108.710595452833
NEVPT2 correlation energy:                        -0.331566399567
Total NEVPT2 energy:                            -109.042161852400

Computing energy of state #4...
Reference state active-space energy:             -11.286036824478
Reference state spin multiplicity:                 3
Number of active electrons:                        [(3, 3)]
Correlation energy [0']:                          -0.093307152554
Correlation energy [+1']:                         -0.022466680758
Correlation energy [-1']:                         -0.057264607267
Correlation energy [+1]:                          -0.011673223279
Correlation energy [-1]:                          -0.092621696124
Correlation energy [+2]:                          -0.004276088809
Correlation energy [-2]:                          -0.096068432918
Correlation energy [0]:                           -0.043557566084
SA-CASSCF reference state total energy:         -108.680869284304
NEVPT2 correlation energy:                        -0.421235447794
Total NEVPT2 energy:                            -109.102104732099

Computing energy of state #5...
Reference state active-space energy:             -11.285781456901
Reference state spin multiplicity:                 1
Number of active electrons:                        [(3, 3)]
Correlation energy [0']:                          -0.059424770751
Correlation energy [+1']:                         -0.007100214846
Correlation energy [-1']:                         -0.046163042149
Correlation energy [+1]:                          -0.011805088896
Correlation energy [-1]:                          -0.087385843068
Correlation energy [+2]:                          -0.001749383184
Correlation energy [-2]:                          -0.076045496378
Correlation energy [0]:                           -0.043557566084
SA-CASSCF reference state total energy:         -108.680613916727
NEVPT2 correlation energy:                        -0.333231405356
Total NEVPT2 energy:                            -109.013845322083

Computing energy of state #6...
Reference state active-space energy:             -11.225067293743
Reference state spin multiplicity:                 1
Number of active electrons:                        [(3, 3)]
Correlation energy [0']:                          -0.091836512152
Correlation energy [+1']:                         -0.035682987807
Correlation energy [-1']:                         -0.058927640348
Correlation energy [+1]:                          -0.011819413841
Correlation energy [-1]:                          -0.092875769860
Correlation energy [+2]:                          -0.004489801104
Correlation energy [-2]:                          -0.100011391573
Correlation energy [0]:                           -0.043557566084
SA-CASSCF reference state total energy:         -108.619899753569
NEVPT2 correlation energy:                        -0.439201082769
Total NEVPT2 energy:                            -109.059100836338

Computing energy of state #7...
Reference state active-space energy:             -11.165909175101
Reference state spin multiplicity:                 3
Number of active electrons:                        [(3, 3)]
Correlation energy [0']:                          -0.065484910061
Correlation energy [+1']:                         -0.007545949507
Correlation energy [-1']:                         -0.042656543150
Correlation energy [+1]:                          -0.013345691851
Correlation energy [-1]:                          -0.072368035784
Correlation energy [+2]:                          -0.003681715472
Correlation energy [-2]:                          -0.050120475453
Correlation energy [0]:                           -0.043557566084
SA-CASSCF reference state total energy:         -108.560741634927
NEVPT2 correlation energy:                        -0.298760887364
Total NEVPT2 energy:                            -108.859502522291

Computing energy of state #8...
Reference state active-space energy:             -11.156258614303
Reference state spin multiplicity:                 1
Number of active electrons:                        [(3, 3)]
Correlation energy [0']:                          -0.064676943210
Correlation energy [+1']:                         -0.007773411849
Correlation energy [-1']:                         -0.044456708345
Correlation energy [+1]:                          -0.013365659914
Correlation energy [-1]:                          -0.072419827684
Correlation energy [+2]:                          -0.003686384780
Correlation energy [-2]:                          -0.051167557976
Correlation energy [0]:                           -0.043557566084
SA-CASSCF reference state total energy:         -108.551091074129
NEVPT2 correlation energy:                        -0.301104059843
Total NEVPT2 energy:                            -108.852195133972

Computing energy of state #9...
Reference state active-space energy:             -11.134257745779
Reference state spin multiplicity:                 3
Number of active electrons:                        [(3, 3)]
Correlation energy [0']:                          -0.063151590526
Correlation energy [+1']:                         -0.008410092859
Correlation energy [-1']:                         -0.051909513673
Correlation energy [+1]:                          -0.009769203256
Correlation energy [-1]:                          -0.076854647957
Correlation energy [+2]:                          -0.007418876273
Correlation energy [-2]:                          -0.064907193566
Correlation energy [0]:                           -0.043557566084
SA-CASSCF reference state total energy:         -108.529090205605
NEVPT2 correlation energy:                        -0.325978684194
Total NEVPT2 energy:                            -108.855068889800

Summary of results for the SS-NEVPT2 calculation with the SA-CASSCF reference:
------------------------------------------------------------------------------------------------------------------
  State    Degen.        E(total)            dE(a.u.)        dE(eV)      dE(nm)       dE(cm-1)      Osc Str.  
------------------------------------------------------------------------------------------------------------------
    1        1         -109.393680037416     0.00000000       0.0000                      0.0000               
    2        3         -109.080020862925     0.31365917       8.5351     145.2639     68840.2317     0.00000000
    3        3         -109.042161852400     0.35151819       9.5653     129.6188     77149.3241     0.00000000
    4        3         -109.102104732099     0.29157531       7.9342     156.2662     63993.3826     0.00000000
    5        1         -109.013845322083     0.37983472      10.3358     119.9557     83364.0841     0.00000000
    6        1         -109.059100836338     0.33457920       9.1044     136.1811     73431.6468     0.00000000
    7        3         -108.859502522291     0.53417752      14.5357      85.2963    117238.4132     0.00000000
    8        1         -108.852195133972     0.54148490      14.7346      84.1452    118842.1996     0.11386575
    9        3         -108.855068889800     0.53861115      14.6564      84.5942    118211.4831     0.00000000
----------------------------------------------------------------------------------------------------------------
> CPU time for total NEVPT2 calculation    162.88 sec, wall time      5.11 sec

******** <class 'pyscf.mcscf.casci.CASCI'> ********
CAS (3e+3e, 6o), ncore = 4, nvir = 82
natorb = False
canonicalization = True
sorting_mo_energy = False
max_memory 4000 MB (current use 580 MB)
******** <class 'pyscf.fci.direct_spin1.FCISolver'> ********
max. cycles = 200
conv_tol = 1e-08
davidson only = False
linear dependence = 1e-12
level shift = 0.001
max iter space = 12
max_memory 4000 MB
nroots = 9
pspace_size = 400
spin = None

WARN: Mulitple states found in CASCI solver. First state is used to compute the Fock matrix and natural orbitals in active space.

Density matrix diagonal elements [1.99956614e+00 1.99951950e+00 1.99625039e+00 1.53157369e-05
 1.15383462e-04 4.53327014e-03]
CASCI converged
CASCI state   0  E = -108.987372196015  E(CI) = -11.4311903169964  S^2 = 0.0000000
CASCI state   1  E = -108.559351657499  E(CI) = -11.0031697784811  S^2 = 2.0000000
CASCI state   2  E = -108.543863398260  E(CI) = -10.9876815192419  S^2 = 2.0000000
CASCI state   3  E = -108.533497179848  E(CI) = -10.9773153008295  S^2 = 0.0000000
CASCI state   4  E = -108.528833850112  E(CI) = -10.9726519710940  S^2 = 2.0000000
CASCI state   5  E = -108.498998490254  E(CI) = -10.9428166112358  S^2 = 0.0000000
CASCI state   6  E = -108.458843957319  E(CI) = -10.9026620783013  S^2 = 2.0000000
CASCI state   7  E = -108.456781287767  E(CI) = -10.9005994087493  S^2 = 2.0000000
CASCI state   8  E = -108.456328555907  E(CI) = -10.9001466768892  S^2 = 0.0000000


------------------------------------------------------------------------------

            PRISM: Open-Source implementation of ab initio methods
                    for excited states and spectroscopy

                               Version 0.9

                   Copyright (C) 2026 Prism Developers
                   Contributors: Nicholas Yiching Chiang
                                 Carlos E. V. de Moura
                                 Nishshanka M. Lakshan
                                 Rajat S. Majumder
                                 Ilia M. Mazin
                                 Donna H. Odhiambo
                                 Bryce Pickett
                                 James D. Serna
                                 Alexander Yu. Sokolov

            Unless required by applicable law or agreed to in
            writing, software distributed under the GNU General
            Public License v3.0 and is distributed on an "AS IS"
            BASIS, WITHOUT WARRANTIES OR CONDITIONS OF ANY KIND,
            either express or implied.

            See the License for the specific language governing
            permissions and limitations.

            Available at https://github.com/sokolov-group/prism

------------------------------------------------------------------------------

Importing Pyscf objects...

Collecting reference wavefunction information...
Reference wavefunction: ms-casci
Canonicalizing molecular orbitals using reference wavefunction manifold...

Summary of reference wavefunction manifold:
Total number of reference states: 9
  State       S^2        S      (2S+1)        E(total)              E(CAS)
-----------------------------------------------------------------------------------
    1       0.00000     0.0        1     -108.987372196015     -11.431190316996
    2       2.00000     1.0        3     -108.559351657499     -11.003169778481
    3       2.00000     1.0        3     -108.543863398260     -10.987681519242
    4       0.00000     0.0        1     -108.533497179848     -10.977315300829
    5       2.00000     1.0        3     -108.528833850112     -10.972651971094
    6       0.00000     0.0        1     -108.498998490254     -10.942816611236
    7       2.00000     1.0        3     -108.458843957319     -10.902662078301
    8       2.00000     1.0        3     -108.456781287767     -10.900599408749
    9       0.00000     0.0        1     -108.456328555907     -10.900146676889
-----------------------------------------------------------------------------------

Initializing fully internally contracted NEVPT...

Computing NEVPT energies...

Method:                                            nevpt2
Method type:                                       ss
Nuclear repulsion energy:                         23.615376443607
Number of electrons:                               14
Number of basis functions:                         92
Reference wavefunction type:                       ms-casci
Number of reference states:                        9
Number of reference microstates:                   9
Number of frozen orbitals:                         0
Number of core orbitals:                           4
Number of active orbitals:                         6
Number of external orbitals:                       82
Number of active electrons:                        [(3, 3), (3, 3), (3, 3), (3, 3), (3, 3), (3, 3), (3, 3), (3, 3), (3, 3)]
Spin–orbit coupling:                               None
G-tensor:                                          False
Reference density fitting?                         False
Correlation density fitting?                       False
Temporary directory path:                          /tmp

Internal contraction:                              Full (= Partial)
Compute singles amplitudes?                        False
Overlap truncation parameter (singles):            1.00e-08
Overlap truncation parameter (doubles):            1.00e-08

Einsum Backend:                                    opt_einsum

Transforming integrals to MO basis...
Correlation energy [0]:                           -0.055853252851

Computing energy of state #1...
Reference state active-space energy:             -11.431190316996
Reference state spin multiplicity:                 1
Number of active electrons:                        [(3, 3)]
Correlation energy [0']:                          -0.017129764693
Correlation energy [+1']:                         -0.000614335739
Correlation energy [-1']:                         -0.031737228380
Correlation energy [+1]:                          -0.003270011307
Correlation energy [-1]:                          -0.142886901023
Correlation energy [+2]:                          -0.000298108425
Correlation energy [-2]:                          -0.159155301044
Correlation energy [0]:                           -0.055853252851
MS-CASCI reference state total energy:          -108.987372196015
NEVPT2 correlation energy:                        -0.410944903462
Total NEVPT2 energy:                            -109.398317099476

Computing energy of state #2...
Reference state active-space energy:             -11.003169778481
Reference state spin multiplicity:                 3
Number of active electrons:                        [(3, 3)]
Correlation energy [0']:                          -0.028207540950
Correlation energy [+1']:                         -0.000432747978
Correlation energy [-1']:                         -0.133285488221
Correlation energy [+1]:                          -0.005875514880
Correlation energy [-1]:                          -0.123108114388
Correlation energy [+2]:                          -0.000161368250
Correlation energy [-2]:                          -0.109409817046
Correlation energy [0]:                           -0.055853252851
MS-CASCI reference state total energy:          -108.559351657499
NEVPT2 correlation energy:                        -0.456333844564
Total NEVPT2 energy:                            -109.015685502063

Computing energy of state #3...
Reference state active-space energy:             -10.987681519242
Reference state spin multiplicity:                 3
Number of active electrons:                        [(3, 3)]
Correlation energy [0']:                          -0.030049680714
Correlation energy [+1']:                         -0.000580547497
Correlation energy [-1']:                         -0.126386612117
Correlation energy [+1]:                          -0.007003359637
Correlation energy [-1]:                          -0.120334255521
Correlation energy [+2]:                          -0.000018577445
Correlation energy [-2]:                          -0.102439168041
Correlation energy [0]:                           -0.055853252851
MS-CASCI reference state total energy:          -108.543863398260
NEVPT2 correlation energy:                        -0.442665453823
Total NEVPT2 energy:                            -108.986528852083

Computing energy of state #4...
Reference state active-space energy:             -10.977315300829
Reference state spin multiplicity:                 1
Number of active electrons:                        [(3, 3)]
Correlation energy [0']:                          -0.030365044694
Correlation energy [+1']:                         -0.000633428299
Correlation energy [-1']:                         -0.112369394245
Correlation energy [+1]:                          -0.007025978217
Correlation energy [-1]:                          -0.120426202764
Correlation energy [+2]:                          -0.000018599334
Correlation energy [-2]:                          -0.103605754047
Correlation energy [0]:                           -0.055853252851
MS-CASCI reference state total energy:          -108.533497179848
NEVPT2 correlation energy:                        -0.430297654452
Total NEVPT2 energy:                            -108.963794834299

Computing energy of state #5...
Reference state active-space energy:             -10.972651971094
Reference state spin multiplicity:                 3
Number of active electrons:                        [(3, 3)]
Correlation energy [0']:                          -0.096306139963
Correlation energy [+1']:                         -0.004567195123
Correlation energy [-1']:                         -0.127091410807
Correlation energy [+1]:                          -0.011200786503
Correlation energy [-1]:                          -0.126375480382
Correlation energy [+2]:                          -0.000484080458
Correlation energy [-2]:                          -0.122130923298
Correlation energy [0]:                           -0.055853252851
MS-CASCI reference state total energy:          -108.528833850112
NEVPT2 correlation energy:                        -0.544009269385
Total NEVPT2 energy:                            -109.072843119498

Computing energy of state #6...
Reference state active-space energy:             -10.942816611236
Reference state spin multiplicity:                 1
Number of active electrons:                        [(3, 3)]
Correlation energy [0']:                          -0.100723408287
Correlation energy [+1']:                         -0.012141033787
Correlation energy [-1']:                         -0.096554476519
Correlation energy [+1]:                          -0.011257501458
Correlation energy [-1]:                          -0.126524296612
Correlation energy [+2]:                          -0.000417371549
Correlation energy [-2]:                          -0.124351108737
Correlation energy [0]:                           -0.055853252851
MS-CASCI reference state total energy:          -108.498998490254
NEVPT2 correlation energy:                        -0.527822449800
Total NEVPT2 energy:                            -109.026820940054

Computing energy of state #7...
Reference state active-space energy:             -10.902662078301
Reference state spin multiplicity:                 3
Number of active electrons:                        [(3, 3)]
Correlation energy [0']:                          -0.039135544108
Correlation energy [+1']:                         -0.001142026209
Correlation energy [-1']:                         -0.064695238503
Correlation energy [+1]:                          -0.008093759467
Correlation energy [-1]:                          -0.110871463137
Correlation energy [+2]:                          -0.000340359235
Correlation energy [-2]:                          -0.085690427871
Correlation energy [0]:                           -0.055853252851
MS-CASCI reference state total energy:          -108.458843957319
NEVPT2 correlation energy:                        -0.365822071380
Total NEVPT2 energy:                            -108.824666028700

Computing energy of state #8...
Reference state active-space energy:             -10.900599408749
Reference state spin multiplicity:                 3
Number of active electrons:                        [(3, 3)]
Correlation energy [0']:                          -0.035480626286
Correlation energy [+1']:                         -0.002098856193
Correlation energy [-1']:                         -0.055587389501
Correlation energy [+1]:                          -0.006938475549
Correlation energy [-1]:                          -0.113747711140
Correlation energy [+2]:                          -0.001335034174
Correlation energy [-2]:                          -0.094793457774
Correlation energy [0]:                           -0.055853252851
MS-CASCI reference state total energy:          -108.456781287767
NEVPT2 correlation energy:                        -0.365834803468
Total NEVPT2 energy:                            -108.822616091235

Computing energy of state #9...
Reference state active-space energy:             -10.900146676889
Reference state spin multiplicity:                 1
Number of active electrons:                        [(3, 3)]
Correlation energy [0']:                          -0.041882411445
Correlation energy [+1']:                         -0.004035517067
Correlation energy [-1']:                         -0.267956000004
Correlation energy [+1]:                          -0.006571626755
Correlation energy [-1]:                          -0.123176641453
Correlation energy [+2]:                          -0.001379206832
Correlation energy [-2]:                          -0.116435970860
Correlation energy [0]:                           -0.055853252851
MS-CASCI reference state total energy:          -108.456328555907
NEVPT2 correlation energy:                        -0.617290627267
Total NEVPT2 energy:                            -109.073619183174

Summary of results for the SS-NEVPT2 calculation with the MS-CASCI reference:
------------------------------------------------------------------------------------------------------------------
  State    Degen.        E(total)            dE(a.u.)        dE(eV)      dE(nm)       dE(cm-1)      Osc Str.  
------------------------------------------------------------------------------------------------------------------
    1        1         -109.398317099476     0.00000000       0.0000                      0.0000               
    2        3         -109.015685502063     0.38263160      10.4119     119.0789     83977.9288     0.00000000
    3        3         -108.986528852083     0.41178825      11.2053     110.6475     90377.0738     0.00000000
    4        1         -108.963794834299     0.43452227      11.8240     104.8585     95366.6140     0.00000000
    5        3         -109.072843119498     0.32547398       8.8566     139.9908     71433.2818     0.00000000
    6        1         -109.026820940054     0.37149616      10.1089     122.6482     81533.9826     0.00000000
    7        3         -108.824666028700     0.57365107      15.6098      79.4269    125901.8573     0.00000000
    8        3         -108.822616091235     0.57570101      15.6656      79.1441    126351.7666     0.00000000
    9        1         -109.073619183174     0.32469792       8.8355     140.3254     71262.9555     0.28004866
----------------------------------------------------------------------------------------------------------------
> CPU time for total NEVPT2 calculation    164.02 sec, wall time      5.07 sec
