#INFO: **** input file is /home/wang.21295/chem/prism/examples/nevpt/03-nevpt2-density-fitting.py ****
#!/usr/bin/env python
# 03-nevpt2-density-fitting.py
# Modified by Ziqiu Wang: < sgwzq0810@gmail.com >

'''
Using density fitting with NEVPT2 for N2
'''

import numpy as np
import pyscf.gto, pyscf.scf, pyscf.mcscf
import prism.interface, prism.mr_adc, prism.nevpt

mol = pyscf.gto.Mole()
r = 1.098
mol.atom = [
    ['N', ( 0., 0.    , -r/2)],
    ['N', ( 0., 0.    ,  r/2)],]
mol.basis = {'N':'aug-cc-pvtz'}
mol.verbose = 4
mol.build()

# RHF calculation as guess for CASSCF
mf = pyscf.scf.RHF(mol)
mf.kernel()

# SA-CASSCF reference, DF-NEVPT2
n_states = 9
weights = np.ones(n_states)/n_states
mcsa = pyscf.mcscf.CASSCF(mf, 6, 6).state_average_(weights)
mcsa.mc1step()[0]

mp_mcsa = prism.interface.PYSCF(mf, mcsa, backend = 'opt_einsum').density_fit('aug-cc-pvdz-ri')
mndf_mcsa = prism.nevpt.NEVPT(mp_mcsa)
mndf_mcsa.kernel()

# DF-SA-CASSCF reference, DF-NEVPT2
n_states = 9
weights = np.ones(n_states)/n_states
mcsadf = pyscf.mcscf.CASSCF(mf, 6, 6).state_average_(weights).density_fit('aug-cc-pvdz-ri')
mcsadf.mc1step()[0]

mp_mcsadf = prism.interface.PYSCF(mf, mcsadf, backend = 'opt_einsum').density_fit('aug-cc-pvdz-ri')
mndf_mcsadf = prism.nevpt.NEVPT(mp_mcsadf)
mndf_mcsadf.kernel()
#INFO: ******************** input file end ********************


System: uname_result(system='Linux', node='asccbc-nc271708.asc.ohio-state.edu', release='4.18.0-553.129.1.el8_10.x86_64', version='#1 SMP Tue Jun 2 12:11:39 EDT 2026', machine='x86_64')  Threads 40
Python 3.14.2 | packaged by Anaconda, Inc. | (main, Dec 19 2025, 11:49:32) [GCC 14.3.0]
numpy 2.4.2  scipy 1.16.3  h5py 3.15.1
Date: Thu Aug 20 14:48:08 2026
PySCF version 2.12.1
PySCF path  /home/wang.21295/.conda/envs/prism/lib/python3.14/site-packages/pyscf

[CONFIG] conf_file None
[INPUT] verbose = 4
[INPUT] num. atoms = 2
[INPUT] num. electrons = 14
[INPUT] charge = 0
[INPUT] spin (= nelec alpha-beta = 2S) = 0
[INPUT] symmetry False subgroup None
[INPUT] Mole.unit = angstrom
[INPUT] Symbol           X                Y                Z      unit          X                Y                Z       unit  Magmom
[INPUT]  1 N      0.000000000000   0.000000000000  -0.549000000000 AA    0.000000000000   0.000000000000  -1.037459642386 Bohr   0.0
[INPUT]  2 N      0.000000000000   0.000000000000   0.549000000000 AA    0.000000000000   0.000000000000   1.037459642386 Bohr   0.0

nuclear repulsion = 23.6153764436066
number of shells = 26
number of NR pGTOs = 116
number of NR cGTOs = 92
basis = {'N': 'aug-cc-pvtz'}
ecp = {}
CPU time:         0.74


******** <class 'pyscf.scf.hf.RHF'> ********
method = RHF
initial guess = minao
damping factor = 0
level_shift factor = 0
DIIS = <class 'pyscf.scf.diis.CDIIS'>
diis_start_cycle = 1
diis_space = 8
diis_damp = 0
SCF conv_tol = 1e-09
SCF conv_tol_grad = None
SCF max_cycles = 50
direct_scf = True
direct_scf_tol = 1e-13
chkfile to save SCF result = /tmp/tmp8nh1bzm6
max_memory 4000 MB (current use 118 MB)
Set gradient conv threshold to 3.16228e-05
Initial guess from minao.
init E= -109.011967517709
  HOMO = -0.385623533608603  LUMO = 0.051571998827692
cycle= 1 E= -108.963260683101  delta_E= 0.0487  |g|= 0.298  |ddm|= 1.24
  HOMO = -0.665300010924703  LUMO = 0.082699790482201
cycle= 2 E= -108.983011631224  delta_E= -0.0198  |g|= 0.0927  |ddm|= 0.24
  HOMO = -0.614575465578711  LUMO = 0.0828075839758441
cycle= 3 E= -108.984534453069  delta_E= -0.00152  |g|= 0.016  |ddm|= 0.0525
  HOMO = -0.614053741485726  LUMO = 0.0827680302401471
cycle= 4 E= -108.984634114694  delta_E= -9.97e-05  |g|= 0.00196  |ddm|= 0.0182
  HOMO = -0.614427670119972  LUMO = 0.0827685500634728
cycle= 5 E= -108.984635231029  delta_E= -1.12e-06  |g|= 0.000199  |ddm|= 0.00195
  HOMO = -0.614412922296326  LUMO = 0.0827641742395046
cycle= 6 E= -108.984635251436  delta_E= -2.04e-08  |g|= 4.52e-05  |ddm|= 0.000236
  HOMO = -0.614401764975188  LUMO = 0.0827633400347534
cycle= 7 E= -108.984635252585  delta_E= -1.15e-09  |g|= 4.65e-06  |ddm|= 9.63e-05
  HOMO = -0.614401935865077  LUMO = 0.0827632634557275
cycle= 8 E= -108.984635252593  delta_E= -8.33e-12  |g|= 3.21e-07  |ddm|= 1.7e-05
  HOMO = -0.614401876526525  LUMO = 0.0827632649831482
Extra cycle  E= -108.984635252593  delta_E= 1.42e-13  |g|= 9.46e-08  |ddm|= 7.6e-07
converged SCF energy = -108.984635252593

******** <class 'pyscf.mcscf.addons.StateAverageCASSCF'> ********
CAS (3e+3e, 6o), ncore = 4, nvir = 82
max_cycle_macro = 50
max_cycle_micro = 4
conv_tol = 1e-07
conv_tol_grad = None
orbital rotation max_stepsize = 0.02
orbital rotation threshold for CI restart = 0.01
augmented hessian ah_max_cycle = 30
augmented hessian ah_conv_tol = 1e-12
augmented hessian ah_linear dependence = 1e-14
augmented hessian ah_level shift = 1e-08
augmented hessian ah_start_tol = 2.5
augmented hessian ah_start_cycle = 3
augmented hessian ah_grad_trust_region = 3
kf_trust_region = 3
kf_interval = 4
ci_response_space = 4
ci_grad_trust_region = 3
with_dep4 0
natorb = False
canonicalization = True
sorting_mo_energy = False
ao2mo_level = 2
chkfile = /tmp/tmp8nh1bzm6
max_memory 4000 MB (current use 294 MB)
internal_rotation = False
******** <class 'pyscf.mcscf.addons.StateAverageFCISolver'> ********
max. cycles = 50
conv_tol = 1e-08
davidson only = False
linear dependence = 1e-12
level shift = 0.001
max iter space = 12
max_memory 4000 MB
nroots = 9
pspace_size = 400
spin = None
State-average over 9 states with weights [0.11111111 0.11111111 0.11111111 0.11111111 0.11111111 0.11111111
 0.11111111 0.11111111 0.11111111]
CASCI E = -108.558207841442  S^2 = 1.1111111
Set conv_tol_grad to 0.000316228
macro iter   1 ( 21 JK    4 micro), CASSCF E = -108.607585511836  dE = -4.93776704e-02  S^2 = 1.1111111
               |grad[o]|=0.285  |ddm|=0.0184  |maxRot[o]|=0.279
macro iter   2 ( 21 JK    4 micro), CASSCF E = -108.639297440736  dE = -3.17119289e-02  S^2 = 1.1111111
               |grad[o]|=0.204  |ddm|=0.0355  |maxRot[o]|=0.228
macro iter   3 ( 21 JK    4 micro), CASSCF E = -108.662697733085  dE = -2.34002923e-02  S^2 = 1.1111111
               |grad[o]|=0.127  |ddm|=0.0133  |maxRot[o]|=0.314
macro iter   4 ( 21 JK    4 micro), CASSCF E = -108.668734872567  dE = -6.03713948e-03  S^2 = 1.1111111
               |grad[o]|=0.0551  |ddm|=0.00423  |maxRot[o]|=0.313
macro iter   5 ( 21 JK    4 micro), CASSCF E = -108.674351411444  dE = -5.61653888e-03  S^2 = 1.1111111
               |grad[o]|=0.0353  |ddm|=0.00316  |maxRot[o]|=0.313
macro iter   6 ( 21 JK    4 micro), CASSCF E = -108.677371111158  dE = -3.01969971e-03  S^2 = 1.1111111
               |grad[o]|=0.0213  |ddm|=0.00193  |maxRot[o]|=0.313
macro iter   7 ( 14 JK    4 micro), CASSCF E = -108.677540947610  dE = -1.69836452e-04  S^2 = 1.1111111
               |grad[o]|=0.0055  |ddm|=0.00113  |maxRot[o]|=0.0909
macro iter   8 (  4 JK    1 micro), CASSCF E = -108.677540968250  dE = -2.06399307e-08  S^2 = 1.1111111
               |grad[o]|=7e-05  |ddm|=2.11e-05  |maxRot[o]|=0.00116
1-step CASSCF converged in   8 macro (144 JK  29 micro) steps
CASSCF canonicalization
Density matrix diagonal elements [1.76692707 1.72620919 1.58593909 0.00933336 0.3341188  0.57747248]
CASSCF energy = -108.677540968250
CASCI E = -108.677540968250  E(CI) = -11.2826671054947  S^2 = 1.1111111
CASCI state-averaged energy = -108.67754096825
CASCI energy for each state
  State 0 weight 0.111111  E = -109.024983882029 S^2 = 0.0000000
  State 1 weight 0.111111  E = -108.739980563708 S^2 = 2.0000000
  State 2 weight 0.111111  E = -108.7105945547 S^2 = 2.0000000
  State 3 weight 0.111111  E = -108.680869673317 S^2 = 2.0000000
  State 4 weight 0.111111  E = -108.680612974857 S^2 = 0.0000000
  State 5 weight 0.111111  E = -108.619898638147 S^2 = 0.0000000
  State 6 weight 0.111111  E = -108.560743333828 S^2 = 2.0000000
  State 7 weight 0.111111  E = -108.551093050067 S^2 = 0.0000000
  State 8 weight 0.111111  E = -108.529092043594 S^2 = 2.0000000


------------------------------------------------------------------------------

            PRISM: Open-Source implementation of ab initio methods
                    for excited states and spectroscopy

                               Version 0.9

                   Copyright (C) 2026 Prism Developers
                   Contributors: Nicholas Yiching Chiang
                                 Carlos E. V. de Moura
                                 Nishshanka M. Lakshan
                                 Rajat S. Majumder
                                 Ilia M. Mazin
                                 Donna H. Odhiambo
                                 Bryce Pickett
                                 James D. Serna
                                 Alexander Yu. Sokolov

            Unless required by applicable law or agreed to in
            writing, software distributed under the GNU General
            Public License v3.0 and is distributed on an "AS IS"
            BASIS, WITHOUT WARRANTIES OR CONDITIONS OF ANY KIND,
            either express or implied.

            See the License for the specific language governing
            permissions and limitations.

            Available at https://github.com/sokolov-group/prism

------------------------------------------------------------------------------

Importing Pyscf objects...

Collecting reference wavefunction information...
Reference wavefunction: sa-casscf
Canonicalizing molecular orbitals using reference wavefunction manifold...

Summary of reference wavefunction manifold:
Total number of reference states: 9
  State       S^2        S      (2S+1)        E(total)              E(CAS)
-----------------------------------------------------------------------------------
    1       0.00000     0.0        1     -109.024983882029     -11.630110019274
    2       2.00000     1.0        3     -108.739980563708     -11.345106700953
    3       2.00000     1.0        3     -108.710594554700     -11.315720691945
    4       2.00000     1.0        3     -108.680869673317     -11.285995810562
    5       0.00000     0.0        1     -108.680612974857     -11.285739112102
    6       0.00000     0.0        1     -108.619898638147     -11.225024775392
    7       2.00000     1.0        3     -108.560743333828     -11.165869471073
    8       0.00000     0.0        1     -108.551093050067     -11.156219187312
    9       2.00000     1.0        3     -108.529092043594     -11.134218180839
-----------------------------------------------------------------------------------

Importing Pyscf density-fitting objects...
Initializing fully internally contracted NEVPT...

Computing NEVPT energies...

Method:                                            nevpt2
Method type:                                       ss
Nuclear repulsion energy:                         23.615376443607
Number of electrons:                               14
Number of basis functions:                         92
Reference wavefunction type:                       sa-casscf
Number of reference states:                        9
Number of reference microstates:                   9
Number of frozen orbitals:                         0
Number of core orbitals:                           4
Number of active orbitals:                         6
Number of external orbitals:                       82
Number of active electrons:                        [(3, 3), (3, 3), (3, 3), (3, 3), (3, 3), (3, 3), (3, 3), (3, 3), (3, 3)]
Spin–orbit coupling:                               None
G-tensor:                                          False
Reference density fitting?                         False
Correlation density fitting?                       True
Temporary directory path:                          /tmp

Internal contraction:                              Full (= Partial)
Compute singles amplitudes?                        False
Overlap truncation parameter (singles):            1.00e-08
Overlap truncation parameter (doubles):            1.00e-08

Einsum Backend:                                    opt_einsum

Transforming integrals to MO basis...
******** <class 'pyscf.df.df.DF'> ********
auxbasis = aug-cc-pvdz-ri
max_memory = 4000
Correlation energy [0]:                           -0.043263960818

Computing energy of state #1...
Reference state active-space energy:             -11.630110019274
Reference state spin multiplicity:                 1
Number of active electrons:                        [(3, 3)]
Correlation energy [0']:                          -0.058636678566
Correlation energy [+1']:                         -0.009364463889
Correlation energy [-1']:                         -0.063898382914
Correlation energy [+1]:                          -0.007974315066
Correlation energy [-1]:                          -0.091483389916
Correlation energy [+2]:                          -0.003345588495
Correlation energy [-2]:                          -0.092389861806
Correlation energy [0]:                           -0.043263960818
SA-CASSCF reference state total energy:         -109.024983882029
NEVPT2 correlation energy:                        -0.370356641471
Total NEVPT2 energy:                            -109.395340523499

Computing energy of state #2...
Reference state active-space energy:             -11.345106700953
Reference state spin multiplicity:                 3
Number of active electrons:                        [(3, 3)]
Correlation energy [0']:                          -0.060672968986
Correlation energy [+1']:                         -0.006372291860
Correlation energy [-1']:                         -0.041048509685
Correlation energy [+1]:                          -0.008493219998
Correlation energy [-1]:                          -0.091953172963
Correlation energy [+2]:                          -0.002042736079
Correlation energy [-2]:                          -0.087657482672
Correlation energy [0]:                           -0.043263960818
SA-CASSCF reference state total energy:         -108.739980563708
NEVPT2 correlation energy:                        -0.341504343061
Total NEVPT2 energy:                            -109.081484906769

Computing energy of state #3...
Reference state active-space energy:             -11.315720691945
Reference state spin multiplicity:                 3
Number of active electrons:                        [(3, 3)]
Correlation energy [0']:                          -0.057842386351
Correlation energy [+1']:                         -0.008103973512
Correlation energy [-1']:                         -0.047648734528
Correlation energy [+1]:                          -0.011741883400
Correlation energy [-1]:                          -0.087444740141
Correlation energy [+2]:                          -0.001750724279
Correlation energy [-2]:                          -0.074911994612
Correlation energy [0]:                           -0.043263960818
SA-CASSCF reference state total energy:         -108.710594554700
NEVPT2 correlation energy:                        -0.332708397640
Total NEVPT2 energy:                            -109.043302952340

Computing energy of state #4...
Reference state active-space energy:             -11.285995810562
Reference state spin multiplicity:                 3
Number of active electrons:                        [(3, 3)]
Correlation energy [0']:                          -0.093316665752
Correlation energy [+1']:                         -0.022461081739
Correlation energy [-1']:                         -0.057290452137
Correlation energy [+1]:                          -0.011668141801
Correlation energy [-1]:                          -0.093243694893
Correlation energy [+2]:                          -0.004275899163
Correlation energy [-2]:                          -0.097506048502
Correlation energy [0]:                           -0.043263960818
SA-CASSCF reference state total energy:         -108.680869673317
NEVPT2 correlation energy:                        -0.423025944804
Total NEVPT2 energy:                            -109.103895618121

Computing energy of state #5...
Reference state active-space energy:             -11.285739112102
Reference state spin multiplicity:                 1
Number of active electrons:                        [(3, 3)]
Correlation energy [0']:                          -0.059424315623
Correlation energy [+1']:                         -0.007101794939
Correlation energy [-1']:                         -0.046157487065
Correlation energy [+1]:                          -0.011800867299
Correlation energy [-1]:                          -0.087671333763
Correlation energy [+2]:                          -0.001749404356
Correlation energy [-2]:                          -0.076858822811
Correlation energy [0]:                           -0.043263960818
SA-CASSCF reference state total energy:         -108.680612974857
NEVPT2 correlation energy:                        -0.334027986675
Total NEVPT2 energy:                            -109.014640961532

Computing energy of state #6...
Reference state active-space energy:             -11.225024775392
Reference state spin multiplicity:                 1
Number of active electrons:                        [(3, 3)]
Correlation energy [0']:                          -0.091846715368
Correlation energy [+1']:                         -0.035689427357
Correlation energy [-1']:                         -0.058940340607
Correlation energy [+1]:                          -0.011814302482
Correlation energy [-1]:                          -0.093497907111
Correlation energy [+2]:                          -0.004489622419
Correlation energy [-2]:                          -0.101192045144
Correlation energy [0]:                           -0.043263960818
SA-CASSCF reference state total energy:         -108.619898638147
NEVPT2 correlation energy:                        -0.440734321306
Total NEVPT2 energy:                            -109.060632959454

Computing energy of state #7...
Reference state active-space energy:             -11.165869471073
Reference state spin multiplicity:                 3
Number of active electrons:                        [(3, 3)]
Correlation energy [0']:                          -0.065500099710
Correlation energy [+1']:                         -0.007548900946
Correlation energy [-1']:                         -0.042637443293
Correlation energy [+1]:                          -0.013341171170
Correlation energy [-1]:                          -0.072546855245
Correlation energy [+2]:                          -0.003681590790
Correlation energy [-2]:                          -0.051027384050
Correlation energy [0]:                           -0.043263960818
SA-CASSCF reference state total energy:         -108.560743333828
NEVPT2 correlation energy:                        -0.299547406021
Total NEVPT2 energy:                            -108.860290739850

Computing energy of state #8...
Reference state active-space energy:             -11.156219187312
Reference state spin multiplicity:                 1
Number of active electrons:                        [(3, 3)]
Correlation energy [0']:                          -0.064692301173
Correlation energy [+1']:                         -0.007773263591
Correlation energy [-1']:                         -0.044400691239
Correlation energy [+1]:                          -0.013361124364
Correlation energy [-1]:                          -0.072598833254
Correlation energy [+2]:                          -0.003686324273
Correlation energy [-2]:                          -0.052055767467
Correlation energy [0]:                           -0.043263960818
SA-CASSCF reference state total energy:         -108.551093050067
NEVPT2 correlation energy:                        -0.301832266178
Total NEVPT2 energy:                            -108.852925316245

Computing energy of state #9...
Reference state active-space energy:             -11.134218180839
Reference state spin multiplicity:                 3
Number of active electrons:                        [(3, 3)]
Correlation energy [0']:                          -0.063161145552
Correlation energy [+1']:                         -0.008410976361
Correlation energy [-1']:                         -0.051848906941
Correlation energy [+1]:                          -0.009765093571
Correlation energy [-1]:                          -0.077040197024
Correlation energy [+2]:                          -0.007418463096
Correlation energy [-2]:                          -0.065733983888
Correlation energy [0]:                           -0.043263960818
SA-CASSCF reference state total energy:         -108.529092043594
NEVPT2 correlation energy:                        -0.326642727251
Total NEVPT2 energy:                            -108.855734770845

Summary of results for the SS-NEVPT2 calculation with the SA-CASSCF reference:
------------------------------------------------------------------------------------------------------------------
  State    Degen.        E(total)            dE(a.u.)        dE(eV)      dE(nm)       dE(cm-1)      Osc Str.  
------------------------------------------------------------------------------------------------------------------
    1        1         -109.395340523499     0.00000000       0.0000                      0.0000               
    2        3         -109.081484906769     0.31385562       8.5404     145.1730     68883.3458     0.00000000
    3        3         -109.043302952340     0.35203757       9.5794     129.4275     77263.3162     0.00000000
    4        3         -109.103895618121     0.29144491       7.9306     156.3361     63964.7632     0.00000000
    5        1         -109.014640961532     0.38069956      10.3594     119.6832     83553.8960     0.00000000
    6        1         -109.060632959454     0.33470756       9.1079     136.1288     73459.8192     0.00000000
    7        3         -108.860290739850     0.53504978      14.5594      85.1572    117429.8540     0.00000000
    8        1         -108.852925316245     0.54241521      14.7599      84.0009    119046.3777     0.11405620
    9        3         -108.855734770845     0.53960575      14.6834      84.4382    118429.7736     0.00000000
----------------------------------------------------------------------------------------------------------------
> CPU time for total NEVPT2 calculation    164.24 sec, wall time      5.37 sec

******** <class 'pyscf.mcscf.df.DFStateAverageCASSCF'> ********
CAS (3e+3e, 6o), ncore = 4, nvir = 82
max_cycle_macro = 50
max_cycle_micro = 4
conv_tol = 1e-07
conv_tol_grad = None
orbital rotation max_stepsize = 0.02
orbital rotation threshold for CI restart = 0.01
augmented hessian ah_max_cycle = 30
augmented hessian ah_conv_tol = 1e-12
augmented hessian ah_linear dependence = 1e-14
augmented hessian ah_level shift = 1e-08
augmented hessian ah_start_tol = 2.5
augmented hessian ah_start_cycle = 3
augmented hessian ah_grad_trust_region = 3
kf_trust_region = 3
kf_interval = 4
ci_response_space = 4
ci_grad_trust_region = 3
with_dep4 0
natorb = False
canonicalization = True
sorting_mo_energy = False
ao2mo_level = 2
chkfile = /tmp/tmp8nh1bzm6
max_memory 4000 MB (current use 611 MB)
internal_rotation = False
******** <class 'pyscf.mcscf.addons.StateAverageFCISolver'> ********
max. cycles = 50
conv_tol = 1e-08
davidson only = False
linear dependence = 1e-12
level shift = 0.001
max iter space = 12
max_memory 4000 MB
nroots = 9
pspace_size = 400
spin = None
State-average over 9 states with weights [0.11111111 0.11111111 0.11111111 0.11111111 0.11111111 0.11111111
 0.11111111 0.11111111 0.11111111]
DFCASCI/DFCASSCF: density fitting for JK matrix and 2e integral transformation
******** <class 'pyscf.df.df.DF'> ********
auxbasis = aug-cc-pvdz-ri
max_memory = 4000
CASCI E = -108.559582398768  S^2 = 1.1111111
Set conv_tol_grad to 0.000316228
macro iter   1 ( 21 JK    4 micro), CASSCF E = -108.608908265238  dE = -4.93258665e-02  S^2 = 1.1111111
               |grad[o]|=0.285  |ddm|=0.0185  |maxRot[o]|=0.279
macro iter   2 ( 21 JK    4 micro), CASSCF E = -108.640584965021  dE = -3.16766998e-02  S^2 = 1.1111111
               |grad[o]|=0.203  |ddm|=0.0355  |maxRot[o]|=0.228
macro iter   3 ( 21 JK    4 micro), CASSCF E = -108.663999982304  dE = -2.34150173e-02  S^2 = 1.1111111
               |grad[o]|=0.127  |ddm|=0.0132  |maxRot[o]|=0.314
macro iter   4 ( 21 JK    4 micro), CASSCF E = -108.670132527291  dE = -6.13254499e-03  S^2 = 1.1111111
               |grad[o]|=0.0553  |ddm|=0.00433  |maxRot[o]|=0.313
macro iter   5 ( 21 JK    4 micro), CASSCF E = -108.675703026360  dE = -5.57049907e-03  S^2 = 1.1111111
               |grad[o]|=0.0348  |ddm|=0.00312  |maxRot[o]|=0.313
macro iter   6 ( 21 JK    4 micro), CASSCF E = -108.678672510724  dE = -2.96948436e-03  S^2 = 1.1111111
               |grad[o]|=0.0208  |ddm|=0.00189  |maxRot[o]|=0.313
macro iter   7 ( 12 JK    4 micro), CASSCF E = -108.678829777699  dE = -1.57266975e-04  S^2 = 1.1111111
               |grad[o]|=0.00528  |ddm|=0.00107  |maxRot[o]|=0.0876
macro iter   8 (  5 JK    1 micro), CASSCF E = -108.678829805327  dE = -2.76279337e-08  S^2 = 1.1111111
               |grad[o]|=4.62e-05  |ddm|=7.16e-06  |maxRot[o]|=0.000595
1-step CASSCF converged in   8 macro (143 JK  29 micro) steps
CASSCF canonicalization
Density matrix diagonal elements [1.76692272 1.72592955 1.58618721 0.00933607 0.33411992 0.57750451]
CASSCF energy = -108.678829805327
CASCI E = -108.678829805327  E(CI) = -11.2819379118536  S^2 = 1.1111111
CASCI state-averaged energy = -108.678829805327
CASCI energy for each state
  State 0 weight 0.111111  E = -109.026211995781 S^2 = 0.0000000
  State 1 weight 0.111111  E = -108.741411163908 S^2 = 2.0000000
  State 2 weight 0.111111  E = -108.711895864454 S^2 = 2.0000000
  State 3 weight 0.111111  E = -108.682097743546 S^2 = 2.0000000
  State 4 weight 0.111111  E = -108.681904704387 S^2 = 0.0000000
  State 5 weight 0.111111  E = -108.621129301395 S^2 = 0.0000000
  State 6 weight 0.111111  E = -108.562034109877 S^2 = 2.0000000
  State 7 weight 0.111111  E = -108.552396187285 S^2 = 0.0000000
  State 8 weight 0.111111  E = -108.530387177309 S^2 = 2.0000000


------------------------------------------------------------------------------

            PRISM: Open-Source implementation of ab initio methods
                    for excited states and spectroscopy

                               Version 0.9

                   Copyright (C) 2026 Prism Developers
                   Contributors: Nicholas Yiching Chiang
                                 Carlos E. V. de Moura
                                 Nishshanka M. Lakshan
                                 Rajat S. Majumder
                                 Ilia M. Mazin
                                 Donna H. Odhiambo
                                 Bryce Pickett
                                 James D. Serna
                                 Alexander Yu. Sokolov

            Unless required by applicable law or agreed to in
            writing, software distributed under the GNU General
            Public License v3.0 and is distributed on an "AS IS"
            BASIS, WITHOUT WARRANTIES OR CONDITIONS OF ANY KIND,
            either express or implied.

            See the License for the specific language governing
            permissions and limitations.

            Available at https://github.com/sokolov-group/prism

------------------------------------------------------------------------------

Importing Pyscf objects...

Collecting reference wavefunction information...
Reference wavefunction: sa-casscf
Canonicalizing molecular orbitals using reference wavefunction manifold...

Summary of reference wavefunction manifold:
Total number of reference states: 9
  State       S^2        S      (2S+1)        E(total)              E(CAS)
-----------------------------------------------------------------------------------
    1       0.00000     0.0        1     -109.026211995781     -11.629320102308
    2       2.00000     1.0        3     -108.741411163908     -11.344519270435
    3       2.00000     1.0        3     -108.711895864454     -11.315003970980
    4       2.00000     1.0        3     -108.682097743546     -11.285205850072
    5       0.00000     0.0        1     -108.681904704387     -11.285012810914
    6       0.00000     0.0        1     -108.621129301395     -11.224237407922
    7       2.00000     1.0        3     -108.562034109877     -11.165142216403
    8       0.00000     0.0        1     -108.552396187285     -11.155504293812
    9       2.00000     1.0        3     -108.530387177309     -11.133495283836
-----------------------------------------------------------------------------------

Importing Pyscf density-fitting objects...
Initializing fully internally contracted NEVPT...

Computing NEVPT energies...

Method:                                            nevpt2
Method type:                                       ss
Nuclear repulsion energy:                         23.615376443607
Number of electrons:                               14
Number of basis functions:                         92
Reference wavefunction type:                       sa-casscf
Number of reference states:                        9
Number of reference microstates:                   9
Number of frozen orbitals:                         0
Number of core orbitals:                           4
Number of active orbitals:                         6
Number of external orbitals:                       82
Number of active electrons:                        [(3, 3), (3, 3), (3, 3), (3, 3), (3, 3), (3, 3), (3, 3), (3, 3), (3, 3)]
Spin–orbit coupling:                               None
G-tensor:                                          False
Reference density fitting?                         True
Correlation density fitting?                       True
Temporary directory path:                          /tmp

Internal contraction:                              Full (= Partial)
Compute singles amplitudes?                        False
Overlap truncation parameter (singles):            1.00e-08
Overlap truncation parameter (doubles):            1.00e-08

Einsum Backend:                                    opt_einsum

Transforming integrals to MO basis...
******** <class 'pyscf.df.df.DF'> ********
auxbasis = aug-cc-pvdz-ri
max_memory = 4000
Correlation energy [0]:                           -0.043265018014

Computing energy of state #1...
Reference state active-space energy:             -11.629320102308
Reference state spin multiplicity:                 1
Number of active electrons:                        [(3, 3)]
Correlation energy [0']:                          -0.058641186159
Correlation energy [+1']:                         -0.009359739890
Correlation energy [-1']:                         -0.063796413802
Correlation energy [+1]:                          -0.007974233403
Correlation energy [-1]:                          -0.091494746674
Correlation energy [+2]:                          -0.003345047460
Correlation energy [-2]:                          -0.092390591262
Correlation energy [0]:                           -0.043265018014
SA-CASSCF reference state total energy:         -109.026211995781
NEVPT2 correlation energy:                        -0.370266976664
Total NEVPT2 energy:                            -109.396478972445

Computing energy of state #2...
Reference state active-space energy:             -11.344519270435
Reference state spin multiplicity:                 3
Number of active electrons:                        [(3, 3)]
Correlation energy [0']:                          -0.060677464075
Correlation energy [+1']:                         -0.006371951867
Correlation energy [-1']:                         -0.041011837244
Correlation energy [+1]:                          -0.008492802599
Correlation energy [-1]:                          -0.091963939685
Correlation energy [+2]:                          -0.002042586242
Correlation energy [-2]:                          -0.087662305197
Correlation energy [0]:                           -0.043265018014
SA-CASSCF reference state total energy:         -108.741411163908
NEVPT2 correlation energy:                        -0.341487904923
Total NEVPT2 energy:                            -109.082899068831

Computing energy of state #3...
Reference state active-space energy:             -11.315003970980
Reference state spin multiplicity:                 3
Number of active electrons:                        [(3, 3)]
Correlation energy [0']:                          -0.057849973558
Correlation energy [+1']:                         -0.008103656574
Correlation energy [-1']:                         -0.047637654323
Correlation energy [+1]:                          -0.011741497959
Correlation energy [-1]:                          -0.087454174504
Correlation energy [+2]:                          -0.001750730249
Correlation energy [-2]:                          -0.074912768051
Correlation energy [0]:                           -0.043265018014
SA-CASSCF reference state total energy:         -108.711895864454
NEVPT2 correlation energy:                        -0.332715473233
Total NEVPT2 energy:                            -109.044611337687

Computing energy of state #4...
Reference state active-space energy:             -11.285205850072
Reference state spin multiplicity:                 3
Number of active electrons:                        [(3, 3)]
Correlation energy [0']:                          -0.093312301072
Correlation energy [+1']:                         -0.022470711762
Correlation energy [-1']:                         -0.057286547700
Correlation energy [+1]:                          -0.011667811293
Correlation energy [-1]:                          -0.093254579638
Correlation energy [+2]:                          -0.004275878030
Correlation energy [-2]:                          -0.097513835932
Correlation energy [0]:                           -0.043265018014
SA-CASSCF reference state total energy:         -108.682097743546
NEVPT2 correlation energy:                        -0.423046683440
Total NEVPT2 energy:                            -109.105144426986

Computing energy of state #5...
Reference state active-space energy:             -11.285012810914
Reference state spin multiplicity:                 1
Number of active electrons:                        [(3, 3)]
Correlation energy [0']:                          -0.059430702242
Correlation energy [+1']:                         -0.007100886884
Correlation energy [-1']:                         -0.046152484935
Correlation energy [+1]:                          -0.011800500981
Correlation energy [-1]:                          -0.087680872425
Correlation energy [+2]:                          -0.001749414683
Correlation energy [-2]:                          -0.076860563716
Correlation energy [0]:                           -0.043265018014
SA-CASSCF reference state total energy:         -108.681904704387
NEVPT2 correlation energy:                        -0.334040443879
Total NEVPT2 energy:                            -109.015945148266

Computing energy of state #6...
Reference state active-space energy:             -11.224237407922
Reference state spin multiplicity:                 1
Number of active electrons:                        [(3, 3)]
Correlation energy [0']:                          -0.091846037574
Correlation energy [+1']:                         -0.035706214831
Correlation energy [-1']:                         -0.058930927234
Correlation energy [+1]:                          -0.011813980406
Correlation energy [-1]:                          -0.093508771907
Correlation energy [+2]:                          -0.004489648570
Correlation energy [-2]:                          -0.101199738768
Correlation energy [0]:                           -0.043265018014
SA-CASSCF reference state total energy:         -108.621129301395
NEVPT2 correlation energy:                        -0.440760337304
Total NEVPT2 energy:                            -109.061889638699

Computing energy of state #7...
Reference state active-space energy:             -11.165142216403
Reference state spin multiplicity:                 3
Number of active electrons:                        [(3, 3)]
Correlation energy [0']:                          -0.065498135129
Correlation energy [+1']:                         -0.007551105879
Correlation energy [-1']:                         -0.042782869865
Correlation energy [+1]:                          -0.013341079639
Correlation energy [-1]:                          -0.072553251688
Correlation energy [+2]:                          -0.003681208912
Correlation energy [-2]:                          -0.051022219492
Correlation energy [0]:                           -0.043265018014
SA-CASSCF reference state total energy:         -108.562034109877
NEVPT2 correlation energy:                        -0.299694888618
Total NEVPT2 energy:                            -108.861728998495

Computing energy of state #8...
Reference state active-space energy:             -11.155504293812
Reference state spin multiplicity:                 1
Number of active electrons:                        [(3, 3)]
Correlation energy [0']:                          -0.064691329945
Correlation energy [+1']:                         -0.007771895681
Correlation energy [-1']:                         -0.044464171525
Correlation energy [+1]:                          -0.013361004976
Correlation energy [-1]:                          -0.072605160651
Correlation energy [+2]:                          -0.003685950764
Correlation energy [-2]:                          -0.052050224419
Correlation energy [0]:                           -0.043265018014
SA-CASSCF reference state total energy:         -108.552396187285
NEVPT2 correlation energy:                        -0.301894755976
Total NEVPT2 energy:                            -108.854290943261

Computing energy of state #9...
Reference state active-space energy:             -11.133495283836
Reference state spin multiplicity:                 3
Number of active electrons:                        [(3, 3)]
Correlation energy [0']:                          -0.063156245330
Correlation energy [+1']:                         -0.008411256328
Correlation energy [-1']:                         -0.051916012272
Correlation energy [+1]:                          -0.009765085174
Correlation energy [-1]:                          -0.077048612875
Correlation energy [+2]:                          -0.007418689141
Correlation energy [-2]:                          -0.065735446076
Correlation energy [0]:                           -0.043265018014
SA-CASSCF reference state total energy:         -108.530387177309
NEVPT2 correlation energy:                        -0.326716365209
Total NEVPT2 energy:                            -108.857103542519

Summary of results for the SS-NEVPT2 calculation with the SA-CASSCF reference:
------------------------------------------------------------------------------------------------------------------
  State    Degen.        E(total)            dE(a.u.)        dE(eV)      dE(nm)       dE(cm-1)      Osc Str.  
------------------------------------------------------------------------------------------------------------------
    1        1         -109.396478972445     0.00000000       0.0000                      0.0000               
    2        3         -109.082899068831     0.31357990       8.5329     145.3006     68822.8337     0.00000000
    3        3         -109.044611337687     0.35186763       9.5748     129.4900     77226.0194     0.00000000
    4        3         -109.105144426986     0.29133455       7.9276     156.3953     63940.5420     0.00000000
    5        1         -109.015945148266     0.38053382      10.3549     119.7354     83517.5208     0.00000000
    6        1         -109.061889638699     0.33458933       9.1046     136.1769     73433.8707     0.00000000
    7        3         -108.861728998495     0.53474997      14.5513      85.2050    117364.0534     0.00000000
    8        1         -108.854290943261     0.54218803      14.7537      84.0361    118996.5178     0.11402986
    9        3         -108.857103542519     0.53937543      14.6772      84.4743    118379.2236     0.00000000
----------------------------------------------------------------------------------------------------------------
> CPU time for total NEVPT2 calculation    160.68 sec, wall time      5.22 sec
